[www.fitness-world.in/index.html]
[www.fitness-world.in/t.src]
[backblue.gif]
[fade.gif]
[index.html]
[connect.facebook.net/en_US/fbevents.js]
[www.fitness-world.in/wp-content/uploads/2019/09/favicon.jpg]
[ajax.googleapis.com/ajax/libs/webfont/1.5.3/webfont.js]
[www.fitness-world.in/wp-content/uploads/2022/05/KTWO-SERIES-WEB-BANNER.jpg]
[www.fitness-world.in/wp-content/cache/min/1/c0b492fac3a2e32d78b26f686cba9d38.css]
[www.fitness-world.in/wp-content/plugins/woocommerce/assets/css/woocommerce-smallscreend22c.css]
[www.fitness-world.in/wp-content/uploads/2019/11/fitness-wold.png]
[www.fitness-world.in/wp-content/uploads/2019/07/footer-bg-pc.jpg]
[www.fitness-world.in/wp-content/uploads/2019/07/footer-bg-mobile.jpg]
[www.fitness-world.in/wp-content/uploads/2019/08/water_rover.jpg]
[www.fitness-world.in/wp-content/uploads/2019/08/pattern-tinted.png]
[www.fitness-world.in/comments/feed/index.html]
[www.fitness-world.in/feed/index.html]
[www.fitness-world.in/wp-includes/js/jquery/jquery4a5f.js]
[www.fitness-world.in/wp-content/cache/min/1/wp-content/plugins/wp-video-lightbox/js/jquery.prettyPhoto9eb3.js]
[www.fitness-world.in/wp-content/cache/min/1/wp-content/plugins/wp-video-lightbox/js/video-lightbox9eb3.js]
[www.fitness-world.in/wp-content/cache/min/1/wp-content/plugins/anything-popup/anything-popup9eb3.js]
[www.fitness-world.in/wp-content/plugins/revslider/public/assets/js/jquery.themepunch.tools.minf542.js]
[www.fitness-world.in/wp-content/plugins/revslider/public/assets/js/jquery.themepunch.revolution.minf542.js]
[www.fitness-world.in/wp-content/plugins/woocommerce/assets/js/jquery-blockui/jquery.blockUI.min44fd.js]
[www.fitness-world.in/wp-content/plugins/woocommerce/assets/js/frontend/add-to-cart.mind22c.js]
[www.fitness-world.in/wp-content/cache/min/1/wp-content/plugins/js_composer/assets/js/vendors/woocommerce-add-to-cart9eb3.js]
[www.fitness-world.in/wp-json/wp/v2/pages/6064.json]
[www.fitness-world.in/wp-json/index.html]
[www.fitness-world.in/wp-includes/wlwmanifest.xml]
[www.fitness-world.in/wp-json/oembed/1.0/embed5ee1.json]
[www.fitness-world.in/wp-json/oembed/1.0/embed4080]
[www.fitness-world.in/wp-content/uploads/2019/10/footer.jpg]
[www.fitness-world.in/wp-content/themes/fitness/assets/images/title_bars/bg-pagetitle.jpg]
[www.fitness-world.in/wp-content/uploads/2019/05/About-Usd196.jpg]
[www.fitness-world.in/wp-content/uploads/2019/08/pexels-photo.jpg]
[www.fitness-world.in/product-category/commercial-equipments/index.html]
[www.fitness-world.in/cart/index.html]
[www.fitness-world.in/wp-content/uploads/2019/07/Commercial-E-Catalogue.pdf]
[www.fitness-world.in/product-category/commercial-equipments/ellipticals-cross-trainers/index.html]
[www.fitness-world.in/product-category/commercial-equipments/treadmill-commercial-equipments/index.html]
[www.fitness-world.in/product-category/commercial-equipments/bikes-commercial-equipments/index.html]
[www.fitness-world.in/product-category/commercial-equipments/climbers/index.html]
[www.fitness-world.in/product-category/commercial-equipments/vibrators-commercial-equipments/index.html]
[www.fitness-world.in/wp-content/uploads/2019/07/RESIDENTIAL-SET-UP.pdf]
[www.fitness-world.in/product-category/home-equipments/rower-home-equipments/index.html]
[www.fitness-world.in/product-category/commercial-equipments/bugati-series/index.html]
[www.fitness-world.in/wp-content/uploads/2022/05/BUGATTI-BANNER.jpg]
[www.fitness-world.in/product-category/commercial-equipments/fw-k-two-series/index.html]
[www.fitness-world.in/product-category/commercial-equipments/evo-series/index.html]
[www.fitness-world.in/wp-content/uploads/2022/02/Fitness-World-Web1-1-1.jpg]
[www.fitness-world.in/product-category/commercial-equipments/fw-clubline-series/index.html]
[www.fitness-world.in/product-category/commercial-equipments/strength-series-commercial-equipments/index.html]
[www.fitness-world.in/wp-content/uploads/2019/06/Treadmill-2-150x150.png]
[www.fitness-world.in/product-category/commercial-equipments/k-series/k-load-series/index.html]
[www.fitness-world.in/product-category/commercial-equipments/crossfit/index.html]
[www.fitness-world.in/wp-content/uploads/2019/06/Elliptical-1-150x150.png]
[www.fitness-world.in/product-category/commercial-equipments/fitness-world-gym-stations/index.html]
[www.fitness-world.in/product-category/functional-trainer-and-smith-machine/index.html]
[www.fitness-world.in/wp-content/uploads/2019/06/Bike-150x150.png]
[www.fitness-world.in/product-category/free-weight-benches-racks/index.html]
[www.fitness-world.in/commercial-gym-setup-services/index.html]
[www.fitness-world.in/wp-content/uploads/2019/06/Rower-1-150x150.png]
[www.fitness-world.in/commercial-gym-flooring-services/index.html]
[www.fitness-world.in/product-category/home-equipments/treadmill-home-equipments/index.html]
[www.fitness-world.in/wp-content/uploads/2019/06/Benches-1-150x150.png]
[www.fitness-world.in/showroom/index.html]
[www.fitness-world.in/product-category/home-equipments/ellipticals-home-equipments/index.html]
[www.fitness-world.in/wp-content/uploads/2019/06/Gym-Station-2-150x150.png]
[www.fitness-world.in/product-category/home-equipments/bikes-home-equipments/index.html]
[www.fitness-world.in/product-category/home-equipments/bikes-home-equipments/recumbent-bikes-bikes-home-equipments/index.html]
[www.fitness-world.in/product-category/home-equipments/bikes-home-equipments/upright-bikes-bikes-home-equipments/index.html]
[www.fitness-world.in/product-category/home-equipments/multigym-home-equipments/index.html]
[www.fitness-world.in/wp-content/uploads/2019/06/Strength-Machines-1-150x150.png]
[www.fitness-world.in/product-category/home-equipments/bikes-home-equipments/spin-bikes-bikes-home-equipments/index.html]
[www.fitness-world.in/product-category/benches-home-equipments/index.html]
[www.fitness-world.in/product-category/home-equipments/vibrators-home-equipments/index.html]
[www.fitness-world.in/wp-content/uploads/2019/06/Cross-Fit-1-150x150.png]
[www.fitness-world.in/product-category/home-equipments/massage-chair-home-equipments/index.html]
[www.fitness-world.in/product-category/home-equipments/core-x-trainer/index.html]
[www.fitness-world.in/product-category/fitness-accessories/index.html]
[www.fitness-world.in/product-category/body-solid/index.html]
[www.fitness-world.in/wp-content/uploads/2021/07/28-YEARS.png]
[www.fitness-world.in/product-category/body-solid/pro-dual-series-body-solid/index.html]
[www.fitness-world.in/product-category/body-solid/s2-series-body-solid/index.html]
[www.fitness-world.in/product-category/body-solid/proclub-line-body-solid/index.html]
[www.fitness-world.in/wp-content/uploads/2022/05/FOOTER.jpg]
[www.fitness-world.in/product-category/body-solid/free-weight-benches-body-solid/index.html]
[www.fitness-world.in/product-category/body-solid/cable-machines-body-solid/index.html]
[www.fitness-world.in/product-category/body-solid/cam-series-body-solid/index.html]
[www.fitness-world.in/product-category/body-solid/gym-station-body-solid/index.html]
[www.fitness-world.in/wp-content/uploads/2019/07/Steelflex-logo-200x200.jpg]
[www.fitness-world.in/product-category/steelflex/index.html]
[www.fitness-world.in/product-category/body-solid/storage-accessories-body-solid/index.html]
[www.fitness-world.in/product-category/steelflex/cardio/index.html]
[www.fitness-world.in/wp-content/uploads/2019/07/body-solid-logo-200x200.jpg]
[www.fitness-world.in/product-category/steelflex/strength/index.html]
[www.fitness-world.in/product-category/steelflex/strength/mega-power/index.html]
[www.fitness-world.in/product-category/steelflex/strength/neo-series/index.html]
[www.fitness-world.in/wp-content/uploads/2019/07/waterrower-logo-200x200.jpg]
[www.fitness-world.in/product-category/steelflex/strength/plate-loaded-series/index.html]
[www.fitness-world.in/wp-content/uploads/2019/05/01-Steel-Flex-logo-1.jpg]
[www.fitness-world.in/contact/index.html]
[www.fitness-world.in/product-category/waterower/index.html]
[www.fitness-world.in/wp-content/uploads/2019/05/03-Body-Solid-Logo-1.jpg]
[www.fitness-world.in/wp-content/uploads/2019/05/04-Water-Rower-logo_white-1.jpg]
[www.fitness-world.in/wp-content/uploads/2019/05/02-Paramount-True-1.jpg]
[www.fitness-world.in/wp-content/uploads/2019/06/Fitness-world-privilge-programme-300x95.png]
[www.fitness-world.in/wp-content/uploads/2019/08/vd_bf_fn.jpg]
[www.fitness-world.in/wp-content/uploads/2018/09/img-270x270.jpg]
[www.fitness-world.in/privilege-program/index.html]
[www.fitness-world.in/blog/five-reasons-why-gym-flooring-will-benefit-your-business.html]
[www.fitness-world.in/wp-content/uploads/2018/10/Blog-Banner-270x270.jpg]
[www.fitness-world.in/2018/09/28/index.html]
[www.fitness-world.in/blog/6-must-have-fitness-equipment-every-successful-gym-should-have.html]
[www.fitness-world.in/wp-content/uploads/2019/06/i5-Fitness-Mumbai-10.jpeg]
[www.fitness-world.in/2018/10/04/index.html]
[www.fitness-world.in/wp-content/uploads/2019/06/i5-Fitness-Mumbai-6.jpg]
[www.fitness-world.in/wp-content/uploads/2019/06/i5-Fitness-Mumbai-9.jpg]
[www.fitness-world.in/wp-content/uploads/2019/06/i5-Fitness-Mumbai-5.jpg]
[www.fitness-world.in/wp-content/uploads/2019/06/Being-Fit-Gym-Ahmedabad-9.jpg]
[www.fitness-world.in/wp-content/uploads/2019/06/Being-Fit-Gym-Ahmedabad-2.jpg]
[www.fitness-world.in/wp-content/uploads/2021/12/5.jpg]
[www.fitness-world.in/wp-content/uploads/2021/12/1.jpg]
[www.fitness-world.in/wp-content/uploads/2019/07/IKIGAI-Uttarakhand-2.jpg]
[www.fitness-world.in/wp-content/uploads/2022/03/10.jpg]
[www.fitness-world.in/wp-content/uploads/2019/07/Client-List.pdf]
[www.fitness-world.in/wp-content/uploads/2019/08/01-RAMADA-150X150.jpg]
[www.fitness-world.in/wp-content/uploads/2019/08/02-IIM-RAIPUR-150X150.jpg]
[www.fitness-world.in/gym-installation/index.html]
[www.fitness-world.in/wp-content/uploads/2019/08/03-MAHAGUN-150X150.jpg]
[www.fitness-world.in/wp-content/uploads/2019/08/04-SAYA-150X150.jpg]
[www.fitness-world.in/wp-content/uploads/2019/08/05-GAURS-150X150.jpg]
[www.fitness-world.in/wp-content/uploads/2019/08/06-ISRO-150X150.jpg]
[www.fitness-world.in/wp-content/uploads/2019/08/07-GOI-150X150.jpg]
[www.fitness-world.in/wp-content/uploads/2019/08/08-SSC-150X150.jpg]
[www.fitness-world.in/wp-content/uploads/2019/08/09-Google-150X150.jpg]
[www.fitness-world.in/wp-content/uploads/2019/08/10-lIFE-FITNESS-150X150.jpg]
[www.fitness-world.in/wp-content/uploads/2019/08/11-CAG-150X150.jpg]
[www.fitness-world.in/wp-content/uploads/2019/08/12-Radisson-150X150.jpg]
[www.fitness-world.in/wp-content/uploads/2019/08/13-AIIOMS-150X150.jpg]
[www.fitness-world.in/wp-content/uploads/2019/08/14-LOGO-150X150.jpg]
[www.fitness-world.in/wp-content/uploads/2019/05/fitness-world-footer-logo.png]
[www.fitness-world.in/wp-content/uploads/2019/07/we_support.png]
[www.fitness-world.in/event-gallery.html]
[www.fitness-world.in/about/index.html]
[www.google.com/recaptcha/apid045.js]
[www.fitness-world.in/product-category/home-equipments/index.html]
[www.fitness-world.in/blog/index.html]
[www.fitness-world.in/career/index.html]
[www.fitness-world.in/wp-content/plugins/woo-quote-or-enquiry-contact-form-7/assets/images/ajax-loader.gif]
[www.fitness-world.in/privacy-policy/index.html]
[www.fitness-world.in/events/index.html]
[www.fitness-world.in/wp-admin/admin-ajax.php]
[www.fitness-world.in/wp-content/cache/min/1/wp-content/plugins/wpcf7-redirect/build/js/wpcf7r-fe9eb3.js]
[www.fitness-world.in/wp-content/cache/min/1/wp-content/plugins/contact-form-7/includes/js/scripts9eb3.js]
[www.fitness-world.in/wp-content/cache/min/1/wp-content/plugins/popup-anything-on-click/assets/js/popupaoc-public9eb3.js]
[www.fitness-world.in/wp-content/plugins/woocommerce/assets/js/js-cookie/js.cookie.min6b25.js]
[www.fitness-world.in/wp-content/plugins/woocommerce/assets/js/frontend/woocommerce.mind22c.js]
[www.fitness-world.in/wp-content/plugins/woocommerce/assets/js/frontend/cart-fragments.mind22c.js]
[www.google.com/recaptcha/api.5f0263.delayed]
[www.fitness-world.in/wp-content/cache/min/1/wp-content/plugins/contact-form-7/modules/recaptcha/script9eb3.js]
[www.fitness-world.in/wp-content/cache/min/1/wp-content/themes/fitness/assets/js/post-favorite9eb3.js]
[www.fitness-world.in/wp-content/themes/fitness/assets/vendors/flexslider/jquery.flexslider-min68b3.js]
[www.fitness-world.in/wp-content/themes/fitness/assets/vendors/owl-carousel/owl.carousel.min68b3.js]
[www.fitness-world.in/wp-content/themes/fitness/assets/vendors/waypoint/jquery.waypoints.min68b3.js]
[www.fitness-world.in/wp-content/cache/min/1/wp-content/themes/fitness/assets/js/animated9eb3.js]
[www.fitness-world.in/wp-content/cache/min/1/wp-content/themes/fitness/assets/js/animateClick9eb3.js]
[www.fitness-world.in/wp-content/themes/fitness/assets/js/bootstrap.min68b3.js]
[www.fitness-world.in/wp-content/cache/min/1/wp-content/themes/fitness/assets/js/jquery.colorbox9eb3.js]
[www.fitness-world.in/wp-content/cache/min/1/wp-content/themes/fitness/framework/shortcodes/shortcodes9eb3.js]
[www.fitness-world.in/wp-content/cache/min/1/wp-content/themes/fitness/assets/js/parallax9eb3.js]
[www.fitness-world.in/wp-content/themes/fitness/assets/js/jquery.easytabs.min68b3.js]
[www.fitness-world.in/wp-content/themes/fitness/assets/vendors/match-height/jquery.matchHeight-min68b3.js]
[www.fitness-world.in/wp-content/cache/min/1/wp-content/themes/fitness/assets/js/main649f.js]
[www.fitness-world.in/wp-content/plugins/woocommerce/assets/js/jquery-cookie/jquery.cookie.min330a.js]
[www.fitness-world.in/wp-includes/js/wp-embed.mind03b.js]
[www.fitness-world.in/wp-content/plugins/js_composer/assets/js/dist/js_composer_front.mine23c.js]
[www.fitness-world.in/wp-content/plugins/js_composer/assets/lib/waypoints/waypoints.mine23c.js]
[www.fitness-world.in/wp-content/plugins/wp-carousel-free/public/js/slick.minc3e6.js]
[www.fitness-world.in/wp-content/plugins/wp-carousel-free/public/js/wp-carousel-free-public.minc3e6.js]
[www.fitness-world.in/wp-content/themes/fitness/assets/js/jquery.counterup.min68b3.js]
[www.fitness-world.in/index.html]
[www.fitness-world.in/t.html]
[www.fitness-world.in/c]
[www.fitness-world.in/product/cable-crossover/index.html]
[www.fitness-world.in/b.76.delayed]
[www.fitness-world.in/product/back-extension-k-two-411/index.html]
[www.fitness-world.in/POST]
[connect.facebook.net/en_US/fbevents.js]
[www.fitness-world.in/wp-content/plugins/wp-video-lightbox/images/prettyPhoto/default/sprite.png]
[www.fitness-world.in/wp-content/plugins/wp-video-lightbox/images/prettyPhoto/default/sprite_x.png]
[www.fitness-world.in/wp-content/plugins/wp-video-lightbox/images/prettyPhoto/default/sprite_y.png]
[www.fitness-world.in/wp-content/plugins/wp-video-lightbox/images/prettyPhoto/default/sprite_next.png]
[www.fitness-world.in/wp-content/plugins/wp-video-lightbox/images/prettyPhoto/default/sprite_prev.png]
[www.fitness-world.in/wp-content/plugins/wp-video-lightbox/images/prettyPhoto/default/default_thumb.png]
[www.fitness-world.in/wp-content/plugins/wp-video-lightbox/images/prettyPhoto/default/loader.gif]
[www.fitness-world.in/wp-content/plugins/wp-video-lightbox/images/prettyPhoto/light_rounded/sprite.png]
[www.fitness-world.in/wp-content/plugins/wp-video-lightbox/images/prettyPhoto/light_rounded/btnNext.png]
[www.fitness-world.in/wp-content/plugins/wp-video-lightbox/images/prettyPhoto/light_rounded/btnPrevious.png]
[www.fitness-world.in/wp-content/plugins/wp-video-lightbox/images/prettyPhoto/dark_rounded/sprite.png]
[www.fitness-world.in/wp-content/plugins/wp-video-lightbox/images/prettyPhoto/dark_rounded/contentPattern.png]
[www.fitness-world.in/wp-content/plugins/wp-video-lightbox/images/prettyPhoto/dark_rounded/btnNext.png]
[www.fitness-world.in/wp-content/plugins/wp-video-lightbox/images/prettyPhoto/dark_rounded/btnPrevious.png]
[www.fitness-world.in/wp-content/plugins/wp-video-lightbox/images/prettyPhoto/dark_rounded/loader.gif]
[www.fitness-world.in/wp-content/plugins/wp-video-lightbox/images/prettyPhoto/dark_square/loader.gif]
[www.fitness-world.in/wp-content/plugins/wp-video-lightbox/images/prettyPhoto/dark_square/sprite.png]
[www.fitness-world.in/wp-content/plugins/wp-video-lightbox/images/prettyPhoto/dark_square/btnNext.png]
[www.fitness-world.in/wp-content/plugins/wp-video-lightbox/images/prettyPhoto/dark_square/btnPrevious.png]
[www.fitness-world.in/wp-content/plugins/wp-video-lightbox/images/prettyPhoto/light_square/sprite.png]
[www.fitness-world.in/wp-content/plugins/wp-video-lightbox/images/prettyPhoto/light_square/btnNext.png]
[www.fitness-world.in/wp-content/plugins/wp-video-lightbox/images/prettyPhoto/light_square/btnPrevious.png]
[www.fitness-world.in/wp-content/plugins/wp-video-lightbox/images/prettyPhoto/facebook/sprite.png]
[www.fitness-world.in/wp-content/plugins/wp-video-lightbox/images/prettyPhoto/facebook/contentPatternTop.png]
[www.fitness-world.in/wp-content/plugins/wp-video-lightbox/images/prettyPhoto/facebook/contentPatternLeft.png]
[www.fitness-world.in/wp-content/plugins/wp-video-lightbox/images/prettyPhoto/facebook/contentPatternRight.png]
[www.fitness-world.in/wp-content/plugins/wp-video-lightbox/images/prettyPhoto/facebook/loader.gif]
[www.fitness-world.in/wp-content/plugins/wp-video-lightbox/images/prettyPhoto/facebook/btnNext.png]
[www.fitness-world.in/wp-content/plugins/wp-video-lightbox/images/prettyPhoto/facebook/btnPrevious.png]
[www.fitness-world.in/wp-content/plugins/wp-video-lightbox/images/prettyPhoto/facebook/contentPatternBottom.png]
[www.fitness-world.in/wp-content/plugins/wp-video-lightbox/images/prettyPhoto/facebook/default_thumbnail.gif]
[www.fitness-world.in/wp-content/plugins/wp-video-lightbox/images/prettyPhoto/light_rounded/loader.gif]
[www.fitness-world.in/wp-content/plugins/wp-carousel-free/public/fonts/fontawesome-webfont3e6e.eot]
[www.fitness-world.in/wp-content/plugins/wp-carousel-free/public/fonts/fontawesome-webfont3e6e.woff2]
[www.fitness-world.in/wp-content/plugins/wp-carousel-free/public/fonts/fontawesome-webfontd41d.eot]
[www.fitness-world.in/wp-content/plugins/wp-carousel-free/public/fonts/fontawesome-webfont3e6e.woff]
[www.fitness-world.in/wp-content/plugins/wp-carousel-free/public/fonts/fontawesome-webfont3e6e.ttf]
[www.fitness-world.in/wp-content/plugins/wp-carousel-free/public/fonts/fontawesome-webfont3e6e.svg]
[www.fitness-world.in/wp-content/plugins/woo-product-slider-and-carousel-with-category/assets/css/arrow-right.png]
[www.fitness-world.in/wp-content/plugins/woo-product-slider-and-carousel-with-category/assets/css/arrow-left.png]
[www.fitness-world.in/wp-content/plugins/woo-products-slider-pro/assets/css/ajax-loader.gif]
[www.fitness-world.in/wp-content/plugins/woo-products-slider-pro/assets/css/arrow-right.png]
[www.fitness-world.in/wp-content/plugins/woo-products-slider-pro/assets/css/arrow-left.png]
[www.fitness-world.in/wp-content/themes/fitness/assets/vendors/ultralight/fonts/Montserrat-UltraLightbb1d.otf]
[www.fitness-world.in/wp-content/themes/fitness/assets/vendors/ostrick-both/fonts/ostrich-boldbb1d.eot]
[www.fitness-world.in/wp-content/themes/fitness/assets/vendors/ostrick-both/fonts/ostrich-boldd41d.eot]
[www.fitness-world.in/wp-content/themes/fitness/assets/vendors/ostrick-both/fonts/ostrich-boldbb1d.woff]
[www.fitness-world.in/wp-content/themes/fitness/assets/vendors/ostrick-both/fonts/ostrich-boldbb1d.ttf]
[www.fitness-world.in/wp-content/themes/fitness/assets/vendors/ostrick-both/fonts/ostrich-boldbb1d.svg]
[www.fitness-world.in/wp-content/themes/fitness/assets/vendors/Dancing-Script-Bold/fonts/Dancing-Script-Bold.ttfbb1d.eot]
[www.fitness-world.in/wp-content/themes/fitness/assets/vendors/Dancing-Script-Bold/fonts/Dancing-Script-Bold.ttfbb1d.woff]
[www.fitness-world.in/wp-content/themes/fitness/assets/vendors/Dancing-Script-Bold/fonts/Dancing-Script-Bold.ttfd41d.eot]
[www.fitness-world.in/wp-content/themes/fitness/assets/vendors/Dancing-Script-Bold/fonts/Dancing-Script-Bold.ttfbb1d.svg]
[www.fitness-world.in/wp-content/themes/fitness/assets/fonts/glyphicons-halflings-regular.eot]
[www.fitness-world.in/wp-content/themes/fitness/assets/fonts/glyphicons-halflings-regulard41d.eot]
[www.fitness-world.in/wp-content/themes/fitness/assets/fonts/glyphicons-halflings-regular.woff]
[www.fitness-world.in/wp-content/themes/fitness/assets/fonts/glyphicons-halflings-regular.ttf]
[www.fitness-world.in/wp-content/themes/fitness/assets/fonts/glyphicons-halflings-regular.svg]
[www.fitness-world.in/wp-content/themes/fitness/assets/images/colorbox/overlay.png]
[www.fitness-world.in/wp-content/themes/fitness/assets/images/colorbox/controls.png]
[www.fitness-world.in/wp-content/themes/fitness/assets/images/colorbox/border.png]
[www.fitness-world.in/wp-content/themes/fitness/assets/images/colorbox/loading_background.png]
[www.fitness-world.in/wp-content/themes/fitness/assets/images/colorbox/loading.gif]
[www.fitness-world.in/wp-content/themes/fitness/assets/vendors/pe-icon-7-stroke/fonts/Pe-icon-7-strokebb1d.eot]
[www.fitness-world.in/wp-content/themes/fitness/assets/vendors/pe-icon-7-stroke/fonts/Pe-icon-7-stroked41d.eot]
[www.fitness-world.in/wp-content/themes/fitness/assets/vendors/pe-icon-7-stroke/fonts/Pe-icon-7-strokebb1d.woff]
[www.fitness-world.in/wp-content/themes/fitness/assets/vendors/pe-icon-7-stroke/fonts/Pe-icon-7-strokebb1d.ttf]
[www.fitness-world.in/wp-content/themes/fitness/assets/vendors/pe-icon-7-stroke/fonts/Pe-icon-7-strokebb1d.svg]
[www.fitness-world.in/wp-content/themes/fitness/assets/vendors/owl-carousel/owl.video.play.png]
[www.fitness-world.in/wp-content/themes/fitness/assets/images/border-img.png]
[www.fitness-world.in/wp-content/themes/fitness/assets/fonts/Cylburn.ttf]
[www.fitness-world.in/wp-content/themes/fitness/assets/fonts/vnf-lanvanderia-regular.ttf]
[www.fitness-world.in/wp-content/themes/fitness/assets/images/loading-animate.gif]
[tinypic.com/images/goodbye.jpg]
[www.fitness-world.in/wp-content/plugins/js_composer/assets/lib/bower/font-awesome/fonts/fontawesome-webfont3e6e.eot]
[www.fitness-world.in/wp-content/plugins/js_composer/assets/lib/bower/font-awesome/fonts/fontawesome-webfont3e6e.woff2]
[www.fitness-world.in/wp-content/plugins/js_composer/assets/lib/bower/font-awesome/fonts/fontawesome-webfontd41d.eot]
[www.fitness-world.in/wp-content/plugins/js_composer/assets/lib/bower/font-awesome/fonts/fontawesome-webfont3e6e.woff]
[www.fitness-world.in/wp-content/plugins/js_composer/assets/lib/bower/font-awesome/fonts/fontawesome-webfont3e6e.ttf]
[www.fitness-world.in/wp-content/plugins/js_composer/assets/lib/bower/font-awesome/fonts/fontawesome-webfont3e6e.svg]
[www.fitness-world.in/wp-content/plugins/js_composer/assets/vc/alert.png]
[www.fitness-world.in/wp-content/plugins/js_composer/assets/vc/info.png]
[www.fitness-world.in/wp-content/plugins/js_composer/assets/vc/tick.png]
[www.fitness-world.in/wp-content/plugins/js_composer/assets/vc/exclamation.png]
[www.fitness-world.in/wp-content/plugins/js_composer/assets/images/icons/address-book.png]
[www.fitness-world.in/wp-content/plugins/js_composer/assets/images/icons/alarm-clock.png]
[www.fitness-world.in/wp-content/plugins/js_composer/assets/images/icons/anchor.png]
[www.fitness-world.in/wp-content/plugins/js_composer/assets/images/icons/application-image.png]
[www.fitness-world.in/wp-content/plugins/js_composer/assets/images/icons/arrow.png]
[www.fitness-world.in/wp-content/plugins/js_composer/assets/images/icons/asterisk.png]
[www.fitness-world.in/wp-content/plugins/js_composer/assets/images/icons/auction-hammer.png]
[www.fitness-world.in/wp-content/plugins/js_composer/assets/images/icons/balloon.png]
[www.fitness-world.in/wp-content/plugins/js_composer/assets/images/icons/balloon-buzz.png]
[www.fitness-world.in/wp-content/plugins/js_composer/assets/images/icons/balloon-facebook.png]
[www.fitness-world.in/wp-content/plugins/js_composer/assets/images/icons/balloon-twitter.png]
[www.fitness-world.in/wp-content/plugins/js_composer/assets/images/icons/battery-full.png]
[www.fitness-world.in/wp-content/plugins/js_composer/assets/images/icons/binocular.png]
[www.fitness-world.in/wp-content/plugins/js_composer/assets/images/icons/blue-document-excel.png]
[www.fitness-world.in/wp-content/plugins/js_composer/assets/images/icons/blue-document-image.png]
[www.fitness-world.in/wp-content/plugins/js_composer/assets/images/icons/blue-document-music.png]
[www.fitness-world.in/wp-content/plugins/js_composer/assets/images/icons/blue-document-office.png]
[www.fitness-world.in/wp-content/plugins/js_composer/assets/images/icons/blue-document-pdf.png]
[www.fitness-world.in/wp-content/plugins/js_composer/assets/images/icons/blue-document-powerpoint.png]
[www.fitness-world.in/wp-content/plugins/js_composer/assets/images/icons/blue-document-word.png]
[www.fitness-world.in/wp-content/plugins/js_composer/assets/images/icons/bookmark.png]
[www.fitness-world.in/wp-content/plugins/js_composer/assets/images/icons/camcorder.png]
[www.fitness-world.in/wp-content/plugins/js_composer/assets/images/icons/camera.png]
[www.fitness-world.in/wp-content/plugins/js_composer/assets/images/icons/chart.png]
[www.fitness-world.in/wp-content/plugins/js_composer/assets/images/icons/chart-pie.png]
[www.fitness-world.in/wp-content/plugins/js_composer/assets/images/icons/clock.png]
[www.fitness-world.in/wp-content/plugins/js_composer/assets/images/icons/control.png]
[www.fitness-world.in/wp-content/plugins/js_composer/assets/images/icons/fire.png]
[www.fitness-world.in/wp-content/plugins/js_composer/assets/images/icons/heart.png]
[www.fitness-world.in/wp-content/plugins/js_composer/assets/images/icons/mail.png]
[www.fitness-world.in/wp-content/plugins/js_composer/assets/images/icons/plus-shield.png]
[www.fitness-world.in/wp-content/plugins/js_composer/assets/images/icons/video.png]
[www.fitness-world.in/wp-content/plugins/js_composer/assets/fonts/vc_icons_v2/fonts/vcpb-plugin-iconsb82a.eot]
[www.fitness-world.in/wp-content/plugins/js_composer/assets/fonts/vc_icons_v2/fonts/vcpb-plugin-iconsb82a.ttf]
[www.fitness-world.in/wp-content/plugins/js_composer/assets/fonts/vc_icons_v2/fonts/vcpb-plugin-iconsb82a.woff]
[www.fitness-world.in/wp-content/plugins/js_composer/assets/fonts/vc_icons_v2/fonts/vcpb-plugin-iconsb82a.svg]
[www.fitness-world.in/wp-content/plugins/js_composer/assets/images/toggle_open.png]
[www.fitness-world.in/wp-content/plugins/js_composer/assets/images/toggle_close.png]
[www.fitness-world.in/wp-content/plugins/js_composer/assets/images/flickr.png]
[www.fitness-world.in/wp-content/plugins/js_composer/assets/fonts/vc_grid/vc_grid_v157a1.eot]
[www.fitness-world.in/wp-content/plugins/js_composer/assets/fonts/vc_grid/vc_grid_v1d41d.eot]
[www.fitness-world.in/wp-content/plugins/js_composer/assets/fonts/vc_grid/vc_grid_v157a1.woff]
[www.fitness-world.in/wp-content/plugins/js_composer/assets/fonts/vc_grid/vc_grid_v157a1.ttf]
[www.fitness-world.in/wp-content/plugins/js_composer/assets/fonts/vc_grid/vc_grid_v157a1.svg]
[www.fitness-world.in/wp-content/plugins/js_composer/assets/images/spinner.gif]
[www.fitness-world.in/wp-content/plugins/js_composer/assets/vc/remove.png]
[www.fitness-world.in/wp-content/cache/min/1/c0b492fac3a2e32d78b26f686cba9d38.css]
[www.fitness-world.in/wp-content/plugins/woocommerce/assets/css/woocommerce-smallscreend22c.css]
[www.fitness-world.in/xmlrpc0db0.html]
[www.fitness-world.in/wp-content/plugins/wp-video-lightbox/index.html]
[www.fitness-world.in/wp-content/plugins/wp-video-lightbox/css/prettyPhotod03b.css]
[www.fitness-world.in/wp-content/plugins/wp-video-lightbox/wp-video-lightboxd03b.css]
[www.fitness-world.in/wp-includes/css/dist/block-library/style.mind03b.css]
[www.fitness-world.in/wp-content/plugins/woocommerce/packages/woocommerce-blocks/build/vendors-style324d.css]
[www.fitness-world.in/wp-content/plugins/woocommerce/packages/woocommerce-blocks/build/style324d.css]
[www.fitness-world.in/wp-content/plugins/wpcf7-redirect/build/css/wpcf7-redirect-frontend.mind03b.css]
[www.fitness-world.in/wp-content/plugins/album-and-image-gallery-plus-lightbox/assets/css/magnific-popupf24c.css]
[www.fitness-world.in/wp-content/plugins/album-and-image-gallery-plus-lightbox/assets/css/slickf24c.css]
[www.fitness-world.in/wp-content/plugins/album-and-image-gallery-plus-lightbox/assets/css/aigpl-publicf24c.css]
[www.fitness-world.in/wp-content/plugins/contact-form-7/includes/css/styles9dff.css]
[www.fitness-world.in/wp-content/plugins/revslider/public/assets/css/settingsf542.css]
[www.fitness-world.in/wp-content/plugins/woo-quote-or-enquiry-contact-form-7/assets/css/wqoecf-front-styled03b.css]
[www.fitness-world.in/wp-content/plugins/woocommerce/assets/css/select2d22c.css]
[www.fitness-world.in/wp-content/plugins/woocommerce/assets/css/woocommerce-layoutd22c.css]
[www.fitness-world.in/wp-content/plugins/woocommerce/assets/css/woocommerced22c.css]
[www.fitness-world.in/wp-content/plugins/wp-carousel-free/public/css/slick.minc3e6.css]
[www.fitness-world.in/wp-content/plugins/wp-carousel-free/public/css/font-awesome.minc3e6.css]
[www.fitness-world.in/wp-content/plugins/wp-carousel-free/public/css/wp-carousel-free-public.minc3e6.css]
[www.fitness-world.in/wp-content/plugins/woo-product-slider-and-carousel-with-category/assets/css/wcpscwc-public91ac.css]
[www.fitness-world.in/wp-content/plugins/woo-products-slider-pro/assets/css/slickdb1c.css]
[www.fitness-world.in/wp-content/plugins/woo-products-slider-pro/assets/css/styledb1c.css]
[www.fitness-world.in/wp-content/themes/fitness/assets/vendors/ostrick-both/css/ostrick-bothd03b.css]
[www.fitness-world.in/wp-content/themes/fitness/assets/vendors/Dancing-Script-Bold/css/dancingscriptd03b.css]
[www.fitness-world.in/wp-content/themes/fitness/assets/css/bootstrap.mind03b.css]
[www.fitness-world.in/wp-content/themes/fitness/assets/css/colorboxd03b.css]
[www.fitness-world.in/wp-content/themes/fitness/assets/vendors/pe-icon-7-stroke/css/pe-icon-7-stroked03b.css]
[www.fitness-world.in/wp-content/themes/fitness/assets/vendors/owl-carousel/owl.carouseld03b.css]
[www.fitness-world.in/wp-content/themes/fitness/assets/css/tb.core.mind03b.css]
[www.fitness-world.in/wp-content/themes/fitness/assets/css/main-styled03b.css]
[www.fitness-world.in/wp-content/themes/fitness/assets/css/hover-mind03b.css]
[www.fitness-world.in/wp-content/themes/fitness/styled03b.css]
[www.fitness-world.in/wp-content/plugins/js_composer/assets/lib/bower/flexslider/flexslider.mine23c.css]
[www.fitness-world.in/wp-content/plugins/js_composer/assets/lib/bower/font-awesome/css/font-awesome.mine23c.css]
[www.fitness-world.in/wp-content/themes/fitness-child/styled03b.css]
[www.fitness-world.in/wp-content/plugins/popup-anything-on-click/assets/css/popupaoc-publicdc8c.css]
[www.fitness-world.in/wp-content/plugins/js_composer/assets/css/js_composer.mine23c.css]
[www.fitness-world.in/wp-content/plugins/wp-video-lightbox/js/jquery.prettyPhoto005e.js]
[www.fitness-world.in/wp-content/plugins/wp-video-lightbox/js/video-lightbox005e.js]
[www.fitness-world.in/wp-content/plugins/anything-popup/anything-popupd03b.js]
[www.fitness-world.in/wp-content/plugins/js_composer/assets/js/vendors/woocommerce-add-to-carte23c.js]
[www.fitness-world.in/wp-json/wp/v2/pages/426.json]
[www.fitness-world.in/wp-json/oembed/1.0/embed065e.json]
[www.fitness-world.in/index2202.html]
[www.fitness-world.in/wp-json/oembed/1.0/embed0bfe]
[www.fitness-world.in/wp-content/plugins/wpcf7-redirect/build/js/wpcf7r-fe4963.js]
[www.fitness-world.in/wp-content/plugins/contact-form-7/includes/js/scripts9dff.js]
[www.fitness-world.in/wp-content/plugins/popup-anything-on-click/assets/js/popupaoc-publicdc8c.js]
[www.fitness-world.in/wp-content/plugins/woocommerce/assets/js/frontend/country-select.mind22c.js]
[www.fitness-world.in/wp-content/plugins/woocommerce/assets/js/frontend/address-i18n.mind22c.js]
[www.fitness-world.in/wp-content/plugins/woocommerce/assets/js/frontend/cart.mind22c.js]
[www.fitness-world.in/shop-now/index.html]
[www.fitness-world.in/wp-content/plugins/woocommerce/assets/js/selectWoo/selectWoo.full.min0ba6.js]
[www.fitness-world.in/wp-content/plugins/contact-form-7/modules/recaptcha/script9dff.js]
[www.fitness-world.in/wp-content/themes/fitness/assets/js/post-favorited03b.js]
[www.fitness-world.in/wp-content/themes/fitness/assets/js/animated68b3.js]
[www.fitness-world.in/wp-content/themes/fitness/assets/js/animateClick68b3.js]
[www.fitness-world.in/wp-content/themes/fitness/assets/js/jquery.colorbox9524.js]
[www.fitness-world.in/wp-content/themes/fitness/framework/shortcodes/shortcodes68b3.js]
[www.fitness-world.in/wp-content/themes/fitness/assets/js/parallax68b3.js]
[www.fitness-world.in/wp-content/themes/fitness/assets/js/main68b3.js]
[www.fitness-world.in/cart/index.html]
[www.fitness-world.in/product-category/commercial-equipments/t.src]
[www.fitness-world.in/product-category/commercial-equipments/t.src]
[www.fitness-world.in/wp-content/cache/min/1/5ab377841055d202ce448bb56dcad422.css]
[www.fitness-world.in/wp-content/uploads/2021/08/CLIMBING-FW.jpg]
[www.fitness-world.in/product-category/commercial-equipments/feed/index.html]
[www.fitness-world.in/wp-content/uploads/2019/07/SPIN-BIKES.jpg]
[www.fitness-world.in/wp-content/uploads/2019/07/Crossfit.jpg]
[www.fitness-world.in/wp-content/uploads/2019/07/Elliptical.jpg]
[www.fitness-world.in/wp-content/uploads/2019/04/Chest-Press.jpg]
[www.fitness-world.in/wp-content/uploads/2019/07/FW-Evo-Free-Weight.jpg]
[www.fitness-world.in/wp-content/uploads/2019/07/EVO-Series.jpg]
[www.fitness-world.in/wp-content/uploads/2019/07/FW-Free-Weight.jpg]
[www.fitness-world.in/wp-content/uploads/2019/07/K-LOAD-SERIES.jpg]
[www.fitness-world.in/wp-content/uploads/2019/07/K-Two-Series.jpg]
[www.fitness-world.in/product-category/commercial-equipments/fw-free-weight/index.html]
[www.fitness-world.in/wp-content/uploads/2019/07/FW-S9-Series.jpg]
[www.fitness-world.in/wp-content/uploads/2019/07/FW-Strength-Series.jpg]
[www.fitness-world.in/product-category/commercial-equipments/free-weight-commercial-equipments/index.html]
[www.fitness-world.in/wp-content/uploads/2019/07/Gym-Stations.jpg]
[www.fitness-world.in/product-category/commercial-equipments/k-series/index.html]
[www.fitness-world.in/wp-content/uploads/2019/07/Treadmill.jpg]
[www.fitness-world.in/wp-content/uploads/2019/07/Vibrators.jpg]
[www.fitness-world.in/product-category/commercial-equipments/s9-series/index.html]
[www.fitness-world.in/product/Fitness-World-W1.html]
[www.fitness-world.in/product-category/body-solid/cam-series-body-solid/lower-body-machines-body-solid/index.html]
[www.fitness-world.in/product-category/body-solid/cam-series-body-solid/core-training-machines-body-solid/index.html]
[www.fitness-world.in/wp-content/uploads/2022/10/fitness-world-w1-spin-bike-300x300.jpeg]
[www.fitness-world.in/product-category/body-solid/cam-series-body-solid/upper-body-machines-body-solid/index.html]
[www.fitness-world.in/product/fitness-world-2-tier-dumbbell-rack.html]
[www.fitness-world.in/product-category/body-solid/multi-press-rack-body-solid/index.html]
[www.fitness-world.in/product-category/body-solid/plateload-series-body-solid/index.html]
[www.fitness-world.in/wp-content/uploads/2022/05/32-300x300.jpg]
[www.fitness-world.in/product-category/body-solid/series-7-body-solid/index.html]
[www.fitness-world.in/product-category/commercial-equipments/bikes-commercial-equipments/recumbent-bikes/index.html]
[www.fitness-world.in/product-category/commercial-equipments/bikes-commercial-equipments/spin-bikes/index.html]
[www.fitness-world.in/product-category/commercial-equipments/bikes-commercial-equipments/upright-bikes/index.html]
[www.fitness-world.in/product/fitness-world-multi-functional-bench.html]
[www.fitness-world.in/product-category/commercial-equipments/k-series/k-line-series/index.html]
[www.fitness-world.in/product-category/commercial-equipments/k-series/k-one-series/index.html]
[www.fitness-world.in/product-category/fw-clubline-series/index.html]
[www.fitness-world.in/product-category/free-weight-benches-racks/functional-trainer-body-solid/index.html]
[www.fitness-world.in/wp-content/uploads/2022/05/19-1-300x300.jpg]
[www.fitness-world.in/product-category/new/index.html]
[www.fitness-world.in/product/fitness-world-smith-machine-functional-trainer-fw7366.html]
[www.fitness-world.in/product-category/new-product-launch/index.html]
[www.fitness-world.in/product-category/new-hot-selling/index.html]
[www.fitness-world.in/product-category/shop/index.html]
[www.fitness-world.in/wp-content/uploads/2022/05/6-1-300x300.jpg]
[www.fitness-world.in/product-category/uncategorized/index.html]
[www.fitness-world.in/wp-content/uploads/2022/05/Evo-Series-1-300x300.jpg]
[www.fitness-world.in/product-category/commercial-equipments/index.html]
[www.fitness-world.in/product-category/commercial-equipments/treadmill-commercial-equipments/t.src]
[www.fitness-world.in/product-category/commercial-equipments/treadmill-commercial-equipments/feed/index.html]
[www.fitness-world.in/product/bettle-commercial-motorized-treadmill.html]
[www.fitness-world.in/wp-content/uploads/2022/05/BETTLE-300x300.jpg]
[www.fitness-world.in/wp-content/uploads/2019/04/3-300x300.jpg]
[www.fitness-world.in/product/q7-commercial-motorized-treadmill.html]
[www.fitness-world.in/wp-content/uploads/2019/04/Q7-TREADMILL-300x300.jpg]
[www.fitness-world.in/wp-content/uploads/2021/02/2-300x300.jpg]
[www.fitness-world.in/product/venus-treadmill.html]
[www.fitness-world.in/wp-content/uploads/2021/02/1-1-300x300.jpg]
[www.fitness-world.in/product/5555-treadmill.html]
[www.fitness-world.in/wp-content/uploads/2021/03/8-5555-treadmill-300x300.jpg]
[www.fitness-world.in/wp-content/uploads/2021/03/10-5555-treadmill-300x300.jpg]
[www.fitness-world.in/wp-content/uploads/2020/05/treadmil-300x300.jpg]
[www.fitness-world.in/product/fitness-world-2200-treadmill.html]
[www.fitness-world.in/wp-content/uploads/2020/06/FW-2200-Treadmill-300x300.png]
[www.fitness-world.in/wp-content/uploads/2019/04/Q7-Digital-300x300.jpg]
[www.fitness-world.in/product/q7-digital-commercial-motorized-treadmill.html]
[www.fitness-world.in/wp-content/uploads/2019/04/NEW-LUCCA-600-x-600-300x300.jpg]
[www.fitness-world.in/product/lucca-digital-commercial-motorized-treadmill.html]
[www.fitness-world.in/wp-content/uploads/2019/04/2-1.jpg]
[www.fitness-world.in/product/t5-commercial-motorized-treadmill.html]
[www.fitness-world.in/wp-content/uploads/2019/04/FW-T5-Treadmill-resized-images-3-300x300.jpg]
[www.fitness-world.in/wp-content/uploads/2019/04/FW-T5-Treadmill-resized-images-2-300x300.jpg]
[www.fitness-world.in/wp-content/uploads/2019/04/JERRY-TREADMILL-300x300.jpg]
[www.fitness-world.in/wp-content/uploads/2019/04/FITNESS-WORLD-RENZO-MOTORIZED-TREADMILL-4-300x300.jpg]
[www.fitness-world.in/product/jerry-commercial-motorized-treadmill/index.html]
[www.fitness-world.in/product/fitness-world-renzo-motorized-treadmill/index.html]
[www.fitness-world.in/product/nexcus-commercial-motorized-treadmill.html]
[www.fitness-world.in/wp-content/uploads/2019/04/600X600-300x300.jpg]
[www.fitness-world.in/wp-content/uploads/2019/04/Tondo-Treadmill-1-1-300x300.jpg]
[www.fitness-world.in/product/pn-7000-treadmill.html]
[www.fitness-world.in/wp-content/uploads/2021/02/PN-7000-2-300x300.jpg]
[www.fitness-world.in/product/tondo-commercial-motorized-treadmill/index.html]
[www.fitness-world.in/wp-content/uploads/2021/02/PN-7000-5-300x300.jpg]
[www.fitness-world.in/wp-includes/js/jquery/ui/core.mine899.js]
[www.fitness-world.in/wp-includes/js/jquery/ui/widget.mine899.js]
[www.fitness-world.in/wp-includes/js/jquery/ui/mouse.mine899.js]
[www.fitness-world.in/wp-includes/js/jquery/ui/slider.mine899.js]
[www.fitness-world.in/wp-content/plugins/woocommerce/assets/js/jquery-ui-touch-punch/jquery-ui-touch-punch.mind22c.js]
[www.fitness-world.in/wp-content/plugins/woocommerce/assets/js/accounting/accounting.minaffb.js]
[www.fitness-world.in/wp-content/plugins/woocommerce/assets/js/frontend/price-slider.mind22c.js]
[www.fitness-world.in/product-category/commercial-equipments/treadmill-commercial-equipments/index.html]
[www.fitness-world.in/product-category/commercial-equipments/ellipticals-cross-trainers/t.src]
[www.fitness-world.in/product-category/commercial-equipments/ellipticals-cross-trainers/feed/index.html]
[www.fitness-world.in/product/5555-e.html]
[www.fitness-world.in/wp-content/uploads/2021/10/Main-Image-1-300x300.jpg]
[www.fitness-world.in/wp-content/uploads/2021/10/SCP09549-300x300.jpg]
[www.fitness-world.in/product/toren.html]
[www.fitness-world.in/wp-content/uploads/2021/10/SCP09596-300x300.jpg]
[www.fitness-world.in/wp-content/uploads/2021/10/SCP09597-300x300.jpg]
[www.fitness-world.in/wp-content/uploads/2021/10/Main-Image-300x300.jpg]
[www.fitness-world.in/product/tavera.html]
[www.fitness-world.in/wp-content/uploads/2021/10/SCP09441-300x300.jpg]
[www.fitness-world.in/wp-content/uploads/2019/04/FW-Sophie-300x300.jpg]
[www.fitness-world.in/wp-content/uploads/2019/04/fw-jovan-300x300.jpg]
[www.fitness-world.in/product/sophie-elliptical/index.html]
[www.fitness-world.in/wp-content/uploads/2019/04/FW-GRETA-300x300.jpg]
[www.fitness-world.in/wp-content/uploads/2019/04/FW-300x300.jpg]
[www.fitness-world.in/product/toren-elliptical.html]
[www.fitness-world.in/product/jovan-elliptical/index.html]
[www.fitness-world.in/product/greta-elliptical/index.html]
[www.fitness-world.in/product/heidi-elliptical/index.html]
[www.fitness-world.in/wp-content/uploads/2019/04/FW-Heidi-Elliptical-1-300x300.jpg]
[www.fitness-world.in/wp-content/uploads/2019/04/FITNESS-WORLD-6C-CLIMBER-570x5702-300x300.jpg]
[www.fitness-world.in/wp-content/uploads/2019/04/FITNESS-WORLD-6E-CROSSTRAINER-570x5701-1-300x300.jpg]
[www.fitness-world.in/product-category/commercial-equipments/ellipticals-cross-trainers/index.html]
[www.fitness-world.in/product/6-e-elliptical/index.html]
[www.fitness-world.in/product/6-c-climber/index.html]
[www.fitness-world.in/product-category/commercial-equipments/bikes-commercial-equipments/t.src]
[www.fitness-world.in/wp-content/uploads/2019/07/RECUMBENT-BIKES.jpg]
[www.fitness-world.in/wp-content/uploads/2019/07/UPRIGHT-BIKES.jpg]
[www.fitness-world.in/product-category/commercial-equipments/bikes-commercial-equipments/index.html]
[www.fitness-world.in/product-category/commercial-equipments/bikes-commercial-equipments/feed/index.html]
[www.fitness-world.in/product-category/commercial-equipments/vibrators-commercial-equipments/t.src]
[www.fitness-world.in/wp-content/uploads/2019/04/VIBRO-MACHIINE-PRO-3-300x300.jpg]
[www.fitness-world.in/product-category/commercial-equipments/vibrators-commercial-equipments/feed/index.html]
[www.fitness-world.in/wp-content/uploads/2019/04/VIBRO-MACHINE-1-300x300.jpg]
[www.fitness-world.in/product-category/commercial-equipments/vibrators-commercial-equipments/index.html]
[www.fitness-world.in/product/vibro-machine-pro/index.html]
[www.fitness-world.in/product-category/commercial-equipments/climbers/t.src]
[www.fitness-world.in/product/vibro-machine/index.html]
[www.fitness-world.in/product-category/commercial-equipments/climbers/feed/index.html]
[www.fitness-world.in/product/jacobs-ladder.html]
[www.fitness-world.in/wp-content/uploads/2021/07/1-300x300.jpg]
[www.fitness-world.in/wp-content/uploads/2021/07/2-300x300.jpg]
[www.fitness-world.in/product-category/commercial-equipments/climbers/index.html]
[www.fitness-world.in/product-category/home-equipments/rower-home-equipments/t.src]
[www.fitness-world.in/product-category/home-equipments/rower-home-equipments/feed/index.html]
[www.fitness-world.in/wp-content/uploads/2021/10/SCP09632-300x300.jpg]
[www.fitness-world.in/product/air-rower.html]
[www.fitness-world.in/wp-content/uploads/2021/10/SCP09639-300x300.jpg]
[www.fitness-world.in/wp-content/uploads/2019/04/bravo-1-300x300.jpg]
[www.fitness-world.in/product-category/home-equipments/rower-home-equipments/index.html]
[www.fitness-world.in/product/fitness-world-bravo/index.html]
[www.fitness-world.in/product-category/commercial-equipments/bugati-series/t.src]
[www.fitness-world.in/product-category/commercial-equipments/bugati-series/feed/index.html]
[www.fitness-world.in/product/add-abd-station-bugati-524-2.html]
[www.fitness-world.in/wp-content/uploads/2019/04/Add-Abd-Station-2-300x300.jpg]
[www.fitness-world.in/wp-content/uploads/2019/04/Low-Row-300x300.jpg]
[www.fitness-world.in/wp-content/uploads/2019/04/calfPress-300x300.jpg]
[www.fitness-world.in/product/low-row-bugati-515/index.html]
[www.fitness-world.in/product/assist-dip-chin-bugati-511-2.html]
[www.fitness-world.in/wp-content/uploads/2019/04/Assist-Dip-Chin-300x300.jpg]
[www.fitness-world.in/product/add-abd-station-bugati-524/index.html]
[www.fitness-world.in/wp-content/uploads/2019/04/Glute-2-300x300.jpg]
[www.fitness-world.in/product/calf-press-bugati-523/index.html]
[www.fitness-world.in/wp-content/uploads/2019/04/Multi-Hip-2-300x300.jpg]
[www.fitness-world.in/wp-content/uploads/2019/04/Bugati-Series-Leg-Press-300x300.jpg]
[www.fitness-world.in/product/glute-bugati-522/index.html]
[www.fitness-world.in/product/multi-hip-bugati-521/index.html]
[www.fitness-world.in/wp-content/uploads/2019/04/Leg-Extension-300x300.jpg]
[www.fitness-world.in/wp-content/uploads/2019/04/Bugati-Series-Prone-Leg-Curl-300x300.jpg]
[www.fitness-world.in/product/leg-extension-bugati-519/index.html]
[www.fitness-world.in/product/leg-press-bugati-520/index.html]
[www.fitness-world.in/wp-content/uploads/2019/04/Triceps-300x300.jpg]
[www.fitness-world.in/product/prone-leg-curl-bugati-518/index.html]
[www.fitness-world.in/wp-content/uploads/2019/04/Bugati-Series-Seated-Leg-Curl-300x300.jpg]
[www.fitness-world.in/product/triceps-bugati-510/index.html]
[www.fitness-world.in/product/assist-dip-chin-bugati-511/index.html]
[www.fitness-world.in/product/seated-leg-curl-bugati-517/index.html]
[www.fitness-world.in/wp-content/uploads/2019/04/Pec-Fly-Rear-Delt-300x300.jpg]
[www.fitness-world.in/product/pec-fly-rear-delt-bugati-503-2.html]
[www.fitness-world.in/wp-content/uploads/2019/04/Biceps-Curl-300x300.jpg]
[www.fitness-world.in/wp-content/uploads/2019/04/Row-300x300.jpg]
[www.fitness-world.in/wp-content/uploads/2019/04/Seated-Pull-Down-300x300.jpg]
[www.fitness-world.in/wp-content/uploads/2019/04/Lateral-Raise-300x300.jpg]
[www.fitness-world.in/product/biceps-curl-bugati-509/index.html]
[www.fitness-world.in/product/row-bugati-506/index.html]
[www.fitness-world.in/product/seated-pull-down-bugati-516/index.html]
[www.fitness-world.in/product/lateral-raise-bugati-505/index.html]
[www.fitness-world.in/wp-content/uploads/2019/04/Shoulder-Press-300x300.jpg]
[www.fitness-world.in/product/shoulder-press-bugati-504/index.html]
[www.fitness-world.in/wp-content/uploads/2019/04/Pec-Fly-300x300.jpg]
[www.fitness-world.in/wp-content/uploads/2019/04/Lat-Pull-Down-300x300.jpg]
[www.fitness-world.in/wp-content/uploads/2019/04/Chest-Press-1-300x300.jpg]
[www.fitness-world.in/product/pec-fly-bugati-502/index.html]
[www.fitness-world.in/product/pec-fly-rear-delt-bugati-503/index.html]
[www.fitness-world.in/product/lat-pull-down-bugati-514/index.html]
[www.fitness-world.in/wp-content/uploads/2019/04/Rotary-Torso-300x300.jpg]
[www.fitness-world.in/wp-content/uploads/2019/04/Abdominal-300x300.jpg]
[www.fitness-world.in/product/rotary-torso-bugati-513/index.html]
[www.fitness-world.in/product/chest-press-bugati-501/index.html]
[www.fitness-world.in/product-category/commercial-equipments/bugati-series/index.html]
[www.fitness-world.in/product/abdominal-bugati-512/index.html]
[www.fitness-world.in/product-category/commercial-equipments/fw-k-two-series/t.src]
[www.fitness-world.in/product-category/commercial-equipments/fw-k-two-series/feed/index.html]
[www.fitness-world.in/wp-content/uploads/2022/05/KTWO-Series-300x300.jpg]
[www.fitness-world.in/wp-content/uploads/2019/04/Add-Abd-Station-1-300x300.png]
[www.fitness-world.in/wp-content/uploads/2019/04/Hip-Adductor-1-300x300.png]
[www.fitness-world.in/wp-content/uploads/2019/04/Hip-Adductor-300x300.png]
[www.fitness-world.in/product/hip-abductor-k-two-423/index.html]
[www.fitness-world.in/product/add-abd-station-k-two-424/index.html]
[www.fitness-world.in/product/hip-adductor-k-two-422/index.html]
[www.fitness-world.in/wp-content/uploads/2019/04/Assist-Dip-Chin-1-300x300.png]
[www.fitness-world.in/product/assist-dip-chin-k-two-409-2.html]
[www.fitness-world.in/wp-content/uploads/2019/04/Calf-Press-1-300x300.jpg]
[www.fitness-world.in/wp-content/uploads/2019/04/Glute-1-300x300.png]
[www.fitness-world.in/wp-content/uploads/2019/04/Multi-Hip-1-300x300.png]
[www.fitness-world.in/product/calf-press-k-two-421/index.html]
[www.fitness-world.in/wp-content/uploads/2019/04/Leg-Press-1-300x300.jpg]
[www.fitness-world.in/product/glute-k-two-420/index.html]
[www.fitness-world.in/wp-content/uploads/2019/04/Leg-Extension-1-300x300.jpg]
[www.fitness-world.in/product/multi-hip-k-two-419/index.html]
[www.fitness-world.in/product/leg-press-k-two-418/index.html]
[www.fitness-world.in/wp-content/uploads/2019/04/Prone-Leg-Curl-1-300x300.png]
[www.fitness-world.in/product/leg-extension-k-two-417/index.html]
[www.fitness-world.in/wp-content/uploads/2019/04/Seated-Leg-Curl-1-300x300.png]
[www.fitness-world.in/wp-content/uploads/2019/04/Low-Row-1-300x300.png]
[www.fitness-world.in/product/prone-leg-curl-k-two-416/index.html]
[www.fitness-world.in/wp-content/uploads/2019/04/Lat-Pull-Down-1-300x300.png]
[www.fitness-world.in/product/seated-leg-curl-k-two-415/index.html]
[www.fitness-world.in/product/low-row-k-two-414/index.html]
[www.fitness-world.in/wp-content/uploads/2019/04/Rotary-Torso-1-300x300.png]
[www.fitness-world.in/product/lat-pull-down-k-two-413/index.html]
[www.fitness-world.in/wp-content/uploads/2019/04/Back-Extension-300x300.png]
[www.fitness-world.in/product/rotary-torso-k-two-412/index.html]
[www.fitness-world.in/wp-content/uploads/2019/04/Abdominal-1-300x300.png]
[www.fitness-world.in/wp-content/uploads/2019/04/Triceps-1-300x300.png]
[www.fitness-world.in/product/abdominal-k-two-410/index.html]
[www.fitness-world.in/product/pec-fly-rear-delt-k-two-403-2.html]
[www.fitness-world.in/wp-content/uploads/2019/04/Pec-Fly-Rear-Delt-1-300x300.png]
[www.fitness-world.in/product/assist-dip-chin-k-two-409/index.html]
[www.fitness-world.in/wp-content/uploads/2019/04/Biceps-Curl-1-300x300.png]
[www.fitness-world.in/product/triceps-k-two-408/index.html]
[www.fitness-world.in/product/biceps-curl-k-two-407/index.html]
[www.fitness-world.in/wp-content/uploads/2019/04/Row-1-300x300.png]
[www.fitness-world.in/wp-content/uploads/2019/04/Lateral-Raise-1-300x300.png]
[www.fitness-world.in/wp-content/uploads/2019/04/Shoulder-Press-1-300x300.png]
[www.fitness-world.in/product/row-k-two-406/index.html]
[www.fitness-world.in/product/lateral-raise-k-two-405/index.html]
[www.fitness-world.in/wp-content/uploads/2019/04/Pec-Fly-K-TWO-402-300x300.jpg]
[www.fitness-world.in/wp-content/uploads/2019/04/CHEST-PRESS-300x300.jpg]
[www.fitness-world.in/product/pec-fly-rear-delt-k-two-403/index.html]
[www.fitness-world.in/product-category/commercial-equipments/fw-k-two-series/index.html]
[www.fitness-world.in/product/shoulder-press-k-two-404/index.html]
[www.fitness-world.in/product/pec-fly-k-two-402/index.html]
[www.fitness-world.in/product/chest-press-k-two-401/index.html]
[www.fitness-world.in/product-category/commercial-equipments/evo-series/t.src]
[www.fitness-world.in/product-category/commercial-equipments/evo-series/feed/index.html]
[www.fitness-world.in/product/fitness-world-evo-biceps-curl-machine.html]
[www.fitness-world.in/wp-content/uploads/2019/04/Evo-biceps-curl-machine-300x300.jpg]
[www.fitness-world.in/wp-content/uploads/2019/04/Evo-seated-row-300x300.jpg]
[www.fitness-world.in/product/fitness-world-evo-seated-row.html]
[www.fitness-world.in/wp-content/uploads/2019/04/Evo-hip-abductor-300x300.jpg]
[www.fitness-world.in/product/fitness-world-evo-hip-abductor/index.html]
[www.fitness-world.in/wp-content/uploads/2019/04/Evo-hip-adductor-300x300.jpg]
[www.fitness-world.in/wp-content/uploads/2019/04/Evo-standing-calf-300x300.jpg]
[www.fitness-world.in/wp-content/uploads/2019/04/Evo-glute-300x300.jpg]
[www.fitness-world.in/product/fitness-world-evo-hip-adductor/index.html]
[www.fitness-world.in/wp-content/uploads/2019/04/Evo-multi-hip-300x300.jpg]
[www.fitness-world.in/product/fitness-world-evo-standing-calf/index.html]
[www.fitness-world.in/wp-content/uploads/2019/04/Evo-leg-press-300x300.jpg]
[www.fitness-world.in/product/fitness-world-evo-multi-hip/index.html]
[www.fitness-world.in/wp-content/uploads/2019/04/Evo-leg-curl-leg-extension-300x300.jpg]
[www.fitness-world.in/product/fitness-world-evo-glute/index.html]
[www.fitness-world.in/product/fitness-world-evo-leg-press/index.html]
[www.fitness-world.in/wp-content/uploads/2019/04/Evo-leg-extension-300x300.jpg]
[www.fitness-world.in/product/fitness-world-evo-leg-curl-extension/index.html]
[www.fitness-world.in/wp-content/uploads/2019/04/Evo-leg-curl-300x300.jpg]
[www.fitness-world.in/product/fitness-world-evo-leg-extension/index.html]
[www.fitness-world.in/product/fitness-world-evo-leg-curl/index.html]
[www.fitness-world.in/wp-content/uploads/2019/04/Evo-seated-leg-curl-300x300.jpg]
[www.fitness-world.in/wp-content/uploads/2019/04/Evo-low-row-300x300.jpg]
[www.fitness-world.in/product/fitness-world-evo-seated-leg-curl/index.html]
[www.fitness-world.in/product/fitness-world-evo-lat-pull-down.html]
[www.fitness-world.in/wp-content/uploads/2019/04/Evo-lat-pull-down-300x300.jpg]
[www.fitness-world.in/product/fitness-world-evo-low-row/index.html]
[www.fitness-world.in/wp-content/uploads/2019/04/Evo-torso-rotation-300x300.jpg]
[www.fitness-world.in/wp-content/uploads/2019/04/Evo-abdominal-300x300.jpg]
[www.fitness-world.in/product/fitness-world-evo-torso-rotation/index.html]
[www.fitness-world.in/wp-content/uploads/2019/04/Evo-assist-dip-chin-300x300.jpg]
[www.fitness-world.in/product/fitness-world-evo-abdominal/index.html]
[www.fitness-world.in/wp-content/uploads/2019/04/Evo-triceps-curl-300x300.jpg]
[www.fitness-world.in/product/fitness-world-evo-assist-dip-chin/index.html]
[www.fitness-world.in/wp-content/uploads/2019/04/Evo-shoulder-press-300x300.jpg]
[www.fitness-world.in/wp-content/uploads/2019/04/Evo-pec-fly-rear-delt-300x300.jpg]
[www.fitness-world.in/product/fitness-world-evo-shoulder-press/index.html]
[www.fitness-world.in/product/fitness-world-evo-triceps-curl/index.html]
[www.fitness-world.in/product/fitness-world-evo-pec-fly-rear-delt/index.html]
[www.fitness-world.in/wp-content/uploads/2019/04/Evo-pec-fly-300x300.jpg]
[www.fitness-world.in/product/fitness-world-evo-pec-fly/index.html]
[www.fitness-world.in/wp-content/uploads/2019/04/Evo-chest-press-300x300.jpg]
[www.fitness-world.in/product-category/commercial-equipments/evo-series/index.html]
[www.fitness-world.in/product/fitness-world-evo-chest-press/index.html]
[www.fitness-world.in/product-category/commercial-equipments/fw-clubline-series/t.src]
[www.fitness-world.in/product-category/fw-clubline-series/feed/index.html]
[www.fitness-world.in/wp-content/uploads/2022/05/E5084-Multi-Press-300x300.jpg]
[www.fitness-world.in/product/e5084-chest-shoulder-press.html]
[www.fitness-world.in/E3085-Lat-Pull-Down-and-Pulley.html]
[www.fitness-world.in/wp-content/uploads/2022/05/E3085-Lat-Pull-Down-Mid-Row-300x300.jpg]
[www.fitness-world.in/product/e5007-pearl-delt-pec-fly.html]
[www.fitness-world.in/wp-content/uploads/2022/05/E5007-Pec-Fly-Rear-Delt-300x300.jpg]
[www.fitness-world.in/product/e5086-leg-extensionleg-curl.html]
[www.fitness-world.in/wp-content/uploads/2022/05/E5086-Leg-Extention-and-Leg-Curl-300x300.jpg]
[www.fitness-world.in/product/fitness-world-incline-press-bench.html]
[www.fitness-world.in/wp-content/uploads/2022/05/11-2-300x300.jpg]
[www.fitness-world.in/product/fitness-world-evo-030-olympic-incline-bench.html]
[www.fitness-world.in/wp-content/uploads/2022/05/10-1-300x300.jpg]
[www.fitness-world.in/product/fitness-world-bugati-olympic-flat-bench-press-jl7324a.html]
[www.fitness-world.in/wp-content/uploads/2022/05/9-2-300x300.jpg]
[www.fitness-world.in/product/fitness-world-evo-028-olympic-flat-bench.html]
[www.fitness-world.in/wp-content/uploads/2022/05/7-1-300x300.jpg]
[www.fitness-world.in/product/cable-crossover-machine.html]
[www.fitness-world.in/wp-content/uploads/2019/04/cable-crossover1-4-300x300.jpg]
[www.fitness-world.in/product/gdcc-200g-functional-trainer-centre.html]
[www.fitness-world.in/wp-content/uploads/2019/04/GDCC-200G-FUNCTIONAL-TRAINER-CENTRE-300x300.jpg]
[www.fitness-world.in/product-category/commercial-equipments/fw-clubline-series/index.html]
[www.fitness-world.in/product-category/commercial-equipments/strength-series-commercial-equipments/t.src]
[www.fitness-world.in/wp-content/uploads/2019/04/Fitness-World-Multi-Press-7622-300x300.jpg]
[www.fitness-world.in/wp-content/uploads/2019/04/FITNESS-WORLD-LEG-CURL-LEG-EXTENSION-MACHINE-7623-300x300.jpg]
[www.fitness-world.in/product-category/commercial-equipments/strength-series-commercial-equipments/feed/index.html]
[www.fitness-world.in/product/fitness-world-ab-back-machine-7621.html]
[www.fitness-world.in/wp-content/uploads/2019/04/Fitness-World-AB-Back-Machine-7621-300x300.jpg]
[www.fitness-world.in/product/fitness-world-multi-press-7622/index.html]
[www.fitness-world.in/product/fitness-world-leg-curl-leg-extension-machine-7623/index.html]
[www.fitness-world.in/wp-content/uploads/2019/04/assisted-300x300.jpg]
[www.fitness-world.in/product/fitness-world-assisted-chin-up-machine-7620/index.html]
[www.fitness-world.in/wp-content/uploads/2019/04/JL7624-600x600-300x300.jpg]
[www.fitness-world.in/wp-content/uploads/2019/04/Fitness-World-Hip-Exercise-7618-300x300.jpg]
[www.fitness-world.in/product/fitness-world-biceps-triceps-exercise-machine-7624/index.html]
[www.fitness-world.in/wp-content/uploads/2019/04/Fitness-World-Lateral-Raise-Machine-7617-300x300.jpg]
[www.fitness-world.in/wp-content/uploads/2019/04/JL7614-Seated-Twist-300x311.jpg]
[www.fitness-world.in/product/fitness-world-hip-exercise-7618/index.html]
[www.fitness-world.in/product/fitness-world-lateral-raise-machine-7617/index.html]
[www.fitness-world.in/product/fitness-world-compound-rows-7607/index.html]
[www.fitness-world.in/product/fitness-world-seated-twist-machine-7614/index.html]
[www.fitness-world.in/wp-content/uploads/2019/04/JL7607-compound600x600-300x300.jpg]
[www.fitness-world.in/wp-content/uploads/2019/04/JL7606-Triceps-Exercise-300x331.jpg]
[www.fitness-world.in/wp-content/uploads/2019/04/thight-extension-600x600-300x300.jpg]
[www.fitness-world.in/wp-content/uploads/2019/04/Seated-Leg-Press-7611-300x300.jpg]
[www.fitness-world.in/wp-content/uploads/2019/04/JL7612-seated-back-exercises-600x600-300x300.jpg]
[www.fitness-world.in/product/fitness-world-triceps-press-7606/index.html]
[www.fitness-world.in/wp-content/uploads/2019/04/JL7616-PECREAR-Delt-300x300.jpg]
[www.fitness-world.in/wp-content/uploads/2019/04/JL7602-military-press-300x288.jpg]
[www.fitness-world.in/wp-content/uploads/2019/04/Lat-PullDownSeated-Row-Machine-7615-300x300.jpg]
[www.fitness-world.in/product/fitness-world-seated-leg-press-7611/index.html]
[www.fitness-world.in/product/fitness-world-thigh-extension-7610/index.html]
[www.fitness-world.in/wp-content/uploads/2019/04/JL7601-chest-press-600-300x300.jpg]
[www.fitness-world.in/product/fitness-world-back-extension-7612/index.html]
[www.fitness-world.in/product/fw-pec-fly-rear-delt-machine-7616/index.html]
[www.fitness-world.in/product-category/commercial-equipments/strength-series-commercial-equipments/index.html]
[www.fitness-world.in/product/fw-lat-pulldown-seated-row-machine-7615/index.html]
[www.fitness-world.in/product/fitness-world-military-press-7602/index.html]
[www.fitness-world.in/product/fitness-world-chest-press-7601/index.html]
[www.fitness-world.in/product-category/commercial-equipments/k-series/k-load-series/t.src]
[www.fitness-world.in/wp-content/uploads/2019/04/K-Load-full-power-rack-300x300.jpg]
[www.fitness-world.in/wp-content/uploads/2019/04/K-Load-half-power-rack-300x300.jpg]
[www.fitness-world.in/wp-content/uploads/2019/04/K-Load-power-rack-300x300.jpg]
[www.fitness-world.in/wp-content/uploads/2019/04/k-Load-incline-row-300x300.jpg]
[www.fitness-world.in/wp-content/uploads/2019/04/k-load-45-degree-300x300.jpg]
[www.fitness-world.in/product-category/commercial-equipments/k-series/k-load-series/feed/index.html]
[www.fitness-world.in/wp-content/uploads/2019/04/k-Load-leg-curl-300x300.jpg]
[www.fitness-world.in/wp-content/uploads/2019/04/k-Load-leg-extension-300x300.jpg]
[www.fitness-world.in/wp-content/uploads/2019/04/k-Load-triceps-curl-300x300.jpg]
[www.fitness-world.in/product/fitness-world-k-load-half-power-rack/index.html]
[www.fitness-world.in/product/fitness-world-k-load-power-rack/index.html]
[www.fitness-world.in/product/fitness-world-k-load-full-power-rack/index.html]
[www.fitness-world.in/product/fitness-world-k-load-incline-row/index.html]
[www.fitness-world.in/product/fitness-world-k-load-45-incline-press/index.html]
[www.fitness-world.in/product/fitness-world-k-load-leg-curl/index.html]
[www.fitness-world.in/product/fitness-world-k-load-leg-extension/index.html]
[www.fitness-world.in/product/fitness-world-k-load-triceps-curl/index.html]
[www.fitness-world.in/product/fitness-world-k-load-biceps-curl/index.html]
[www.fitness-world.in/wp-content/uploads/2019/04/k-Load-biceps-curl-300x300.jpg]
[www.fitness-world.in/wp-content/uploads/2019/04/k-Load-calf-300x300.jpg]
[www.fitness-world.in/wp-content/uploads/2019/04/k-Load-leg-press-300x300.jpg]
[www.fitness-world.in/wp-content/uploads/2019/04/k-Load-rear-kick-300x300.jpg]
[www.fitness-world.in/product/fitness-world-k-load-calf/index.html]
[www.fitness-world.in/wp-content/uploads/2019/04/k-Load-pull-down-300x300.jpg]
[www.fitness-world.in/wp-content/uploads/2019/04/k-Load-row-300x300.jpg]
[www.fitness-world.in/wp-content/uploads/2019/04/k-Load-wide-chest-press-300x300.jpg]
[www.fitness-world.in/wp-content/uploads/2019/04/k-Load-low-row-300x300.jpg]
[www.fitness-world.in/product/fitness-world-k-load-leg-press/index.html]
[www.fitness-world.in/wp-content/uploads/2019/04/k-Load-shoulder-press-300x300.jpg]
[www.fitness-world.in/product/fitness-world-k-load-rear-kick/index.html]
[www.fitness-world.in/product/fitness-world-k-load-pull-down/index.html]
[www.fitness-world.in/wp-content/uploads/2019/04/k-Load-incline-chest-press-300x300.jpg]
[www.fitness-world.in/product/fitness-world-k-load-wide-chest-press/index.html]
[www.fitness-world.in/product/fitness-world-k-load-row/index.html]
[www.fitness-world.in/wp-content/uploads/2019/04/k-Load-chest-press-300x300.jpg]
[www.fitness-world.in/product/fitness-world-k-load-shoulder-press/index.html]
[www.fitness-world.in/product/fitness-world-k-load-low-row/index.html]
[www.fitness-world.in/product/fitness-world-k-load-chest-press/index.html]
[www.fitness-world.in/product/fitness-world-k-load-incline-chest-press/index.html]
[www.fitness-world.in/product-category/commercial-equipments/k-series/k-load-series/index.html]
[www.fitness-world.in/product-category/commercial-equipments/crossfit/t.src]
[www.fitness-world.in/wp-content/uploads/2019/04/crossfit-2-2-300x300.jpg]
[www.fitness-world.in/wp-content/uploads/2019/04/crossfit1-2-300x300.jpg]
[www.fitness-world.in/product-category/commercial-equipments/crossfit/index.html]
[www.fitness-world.in/product-category/commercial-equipments/crossfit/feed/index.html]
[www.fitness-world.in/product/fitness-world-crossfit-fw-7518b/index.html]
[www.fitness-world.in/product/fitness-world-crossfit-fw-7518/index.html]
[www.fitness-world.in/product-category/commercial-equipments/fitness-world-gym-stations/t.23d.delayed]
[www.fitness-world.in/wp-content/uploads/2019/04/06-FITNESS-WORLD-3-STACK-COMMERCIAL-MULTI-STATION-300x300.jpg]
[www.fitness-world.in/wp-content/uploads/2019/04/8-Station-Multi-gym-Equipment-1-300x300.jpg]
[www.fitness-world.in/product-category/commercial-equipments/fitness-world-gym-stations/feed/index.html]
[www.fitness-world.in/product-category/commercial-equipments/fitness-world-gym-stations/index.html]
[www.fitness-world.in/product/fitness-world-3-stack-commercial-multi-station/index.html]
[www.fitness-world.in/product/fitness-world-8-station-multi-gym/index.html]
[www.fitness-world.in/product-category/functional-trainer-and-smith-machine/t.src]
[www.fitness-world.in/product-category/functional-trainer-and-smith-machine/feed/index.html]
[www.fitness-world.in/product/fitness-world-evo-026-smith-machine-functional-trainer.html]
[www.fitness-world.in/wp-content/uploads/2022/05/5-2-300x300.jpg]
[www.fitness-world.in/wp-content/uploads/2022/05/2-3-300x300.jpg]
[www.fitness-world.in/product/fitness-world-evo-functional-trainer-fts-50.html]
[www.fitness-world.in/product/fitness-world-evo-023-functional-trainer.html]
[www.fitness-world.in/wp-content/uploads/2022/04/40-300x300.jpg]
[www.fitness-world.in/product/fitness-world-k-two-450-functional-trainer-fts-glide.html]
[www.fitness-world.in/wp-content/uploads/2022/05/4-3-300x300.jpg]
[www.fitness-world.in/product/fitness-world-flyer-trainer.html]
[www.fitness-world.in/wp-content/uploads/2022/05/3-3-300x300.jpg]
[www.fitness-world.in/product/fitness-world-k-two-452-3-d-smith-machine.html]
[www.fitness-world.in/wp-content/uploads/2022/04/39-300x300.jpg]
[www.fitness-world.in/product/fitness-world-k-two-451-smith-machine.html]
[www.fitness-world.in/wp-content/uploads/2022/04/38-300x300.jpg]
[www.fitness-world.in/wp-content/uploads/2022/05/37-300x300.jpg]
[www.fitness-world.in/product/fitness-world-smith-machine.html]
[www.fitness-world.in/product/fitness-world-evo-025-smith-machine.html]
[www.fitness-world.in/wp-content/uploads/2022/05/1-4-300x300.jpg]
[www.fitness-world.in/product-category/functional-trainer-and-smith-machine/index.html]
[www.fitness-world.in/product-category/free-weight-benches-racks/t.src]
[www.fitness-world.in/product-category/free-weight-benches-racks/feed/index.html]
[www.fitness-world.in/product/fitness-world-plate-rack.html]
[www.fitness-world.in/wp-content/uploads/2022/05/36-300x300.jpg]
[www.fitness-world.in/product/fitness-world-evo-046-weight-plate-tree.html]
[www.fitness-world.in/wp-content/uploads/2022/05/35-300x300.jpg]
[www.fitness-world.in/product/fitness-world-k-two-triple-dumbbell-rack.html]
[www.fitness-world.in/wp-content/uploads/2022/05/34-300x300.jpg]
[www.fitness-world.in/product/fitness-world-evo-3-tier-dumbbell-rack.html]
[www.fitness-world.in/wp-content/uploads/2022/05/33-300x300.jpg]
[www.fitness-world.in/product/fitness-world-evo-035-dumbbell-rack-2-tier.html]
[www.fitness-world.in/wp-content/uploads/2022/05/31-300x300.jpg]
[www.fitness-world.in/wp-content/uploads/2022/05/30-300x300.jpg]
[www.fitness-world.in/product/fitness-world-adjustable-wab-board.html]
[www.fitness-world.in/product/fitness-world-evo-039-adjustable-wab-board.html]
[www.fitness-world.in/wp-content/uploads/2022/05/29-300x300.jpg]
[www.fitness-world.in/wp-content/uploads/2022/05/28-300x300.jpg]
[www.fitness-world.in/product/fitness-world-abdominal-board.html]
[www.fitness-world.in/product/fitness-world-evo-033-wab-board.html]
[www.fitness-world.in/wp-content/uploads/2022/05/27-300x300.jpg]
[www.fitness-world.in/wp-content/uploads/2022/05/26-300x300.jpg]
[www.fitness-world.in/product/fitness-world-hyperextension.html]
[www.fitness-world.in/product/fitness-world-evo-031-roman-chair.html]
[www.fitness-world.in/wp-content/uploads/2022/05/25-300x300.jpg]
[www.fitness-world.in/product/fitness-world-preacher-curl-bench.html]
[www.fitness-world.in/wp-content/uploads/2022/05/24-300x300.jpg]
[www.fitness-world.in/product/fitness-world-evo-045-preacher-curl-bench.html]
[www.fitness-world.in/wp-content/uploads/2022/05/23-300x300.jpg]
[www.fitness-world.in/product/fitness-world-dumbbell-bench.html]
[www.fitness-world.in/wp-content/uploads/2022/05/22-300x300.jpg]
[www.fitness-world.in/product/fitness-world-evo-043-utility-bench.html]
[www.fitness-world.in/wp-content/uploads/2022/05/21-1-300x300.jpg]
[www.fitness-world.in/product/fitness-world-bugati-multi-functional-bench-jl7328a.html]
[www.fitness-world.in/wp-content/uploads/2022/05/20-300x300.jpg]
[www.fitness-world.in/product/fitness-world-evo-042-multi-adjustable-bench.html]
[www.fitness-world.in/wp-content/uploads/2022/05/18-1-300x300.jpg]
[www.fitness-world.in/product/fitness-world-flat-bench.html]
[www.fitness-world.in/wp-content/uploads/2022/05/17-1-300x300.jpg]
[www.fitness-world.in/wp-content/uploads/2022/05/16-300x300.jpg]
[www.fitness-world.in/product/fitness-world-evo-041-flat-bench.html]
[www.fitness-world.in/product/fitness-world-bugati-olympic-decline-bench-press-jl7326a.html]
[www.fitness-world.in/wp-content/uploads/2022/05/15-1-300x300.jpg]
[www.fitness-world.in/wp-content/uploads/2022/05/14-300x300.jpg]
[www.fitness-world.in/product/fitness-world-decline-press-bench.html]
[www.fitness-world.in/product/fitness-world-evo-029-olympic-decline-bench.html]
[www.fitness-world.in/wp-content/uploads/2022/05/13-300x300.jpg]
[www.fitness-world.in/product/fitness-world-bugati-olympic-incline-bench-press-jl7325a.html]
[www.fitness-world.in/wp-content/uploads/2022/05/12-2-300x300.jpg]
[www.fitness-world.in/wp-content/uploads/2022/05/8-1-300x300.jpg]
[www.fitness-world.in/product/fitness-world-flat-press-bench.html]
[www.fitness-world.in/wp-content/uploads/2019/04/evo-olympic-flat-bench-300x300.jpg]
[www.fitness-world.in/wp-content/uploads/2019/04/evo-olympic-incline-bench-300x300.jpg]
[www.fitness-world.in/wp-content/uploads/2019/04/EVO-weight-plate-tree-300x300.jpg]
[www.fitness-world.in/wp-content/uploads/2019/04/Evo-squat-rack-300x300.jpg]
[www.fitness-world.in/product/fitness-world-evo-olympic-flat-bench/index.html]
[www.fitness-world.in/wp-content/uploads/2019/04/evo-hack-squat-300x300.jpg]
[www.fitness-world.in/product/fitness-world-evo-olympic-incline-bench/index.html]
[www.fitness-world.in/product/fitness-world-evo-weight-plate-tree/index.html]
[www.fitness-world.in/product-category/free-weight-benches-racks/index.html]
[www.fitness-world.in/product/fitness-world-evo-hack-squat-machine/index.html]
[www.fitness-world.in/product/fitness-world-evo-squat-rack/index.html]
[www.fitness-world.in/commercial-gym-setup-services/t.src]
[www.fitness-world.in/wp-json/wp/v2/pages/18130.json]
[www.fitness-world.in/wp-content/cache/min/1/fd1b5452ac641b63022a6ea5d7024bcd.css]
[www.fitness-world.in/wp-json/oembed/1.0/embed23d2.json]
[www.fitness-world.in/index17e5.html]
[www.fitness-world.in/wp-json/oembed/1.0/embedb60c]
[www.fitness-world.in/wp-content/uploads/2019/10/footer0f14.jpg]
[www.fitness-world.in/wp-content/uploads/2019/06/Sona-Boys-Hostel-Dehradun-2.jpg]
[www.fitness-world.in/wp-content/uploads/2019/06/Indus-Club-BKC-Mumbai-1.jpg]
[www.fitness-world.in/wp-content/uploads/2019/06/Radius-Gym-Mumbai-1.png]
[www.fitness-world.in/commercial-gym-setup-services/index.html]
[www.fitness-world.in/commercial-gym-setup-services/index732a.html]
[www.fitness-world.in/commercial-gym-setup-services/index863e.html]
[www.fitness-world.in/commercial-gym-setup-services/indexe256.html]
[www.fitness-world.in/v3/gym-installation/index.html]
[www.fitness-world.in/commercial-gym-flooring-services/t.src]
[www.fitness-world.in/wp-json/wp/v2/pages/18153.json]
[www.fitness-world.in/wp-json/oembed/1.0/embed8577.json]
[www.fitness-world.in/index2c52.html]
[www.fitness-world.in/wp-json/oembed/1.0/embed02d6]
[www.fitness-world.in/wp-content/uploads/2019/07/Flooring.jpg]
[www.fitness-world.in/commercial-gym-flooring-services/index.html]
[www.fitness-world.in/showroom/t.src]
[www.fitness-world.in/wp-json/wp/v2/pages/17085.json]
[www.fitness-world.in/wp-json/oembed/1.0/embed3e71.json]
[www.fitness-world.in/indexdc7f.html]
[www.fitness-world.in/wp-json/oembed/1.0/embedccc9]
[www.fitness-world.in/wp-content/uploads/2019/06/showroom1.jpg]
[www.fitness-world.in/wp-content/uploads/2019/06/showroom-2.jpg]
[www.fitness-world.in/wp-content/uploads/2019/06/showroom-3.jpg]
[www.fitness-world.in/wp-content/uploads/2019/06/showroom-4.jpg]
[www.fitness-world.in/wp-content/uploads/2019/06/showroom-5.jpg]
[www.fitness-world.in/wp-content/uploads/2019/06/showroom-6.jpg]
[www.fitness-world.in/wp-content/uploads/2019/06/showroom-7.jpg]
[www.fitness-world.in/wp-content/uploads/2019/06/showroom-8.jpg]
[www.fitness-world.in/wp-content/uploads/2019/06/showroom-9.jpg]
[www.fitness-world.in/wp-content/uploads/2019/06/showroom-10.jpg]
[www.fitness-world.in/wp-content/uploads/2019/06/showroom-11.jpg]
[www.fitness-world.in/wp-content/uploads/2019/06/office1.jpg]
[www.fitness-world.in/wp-content/uploads/2019/06/office-2.jpg]
[www.fitness-world.in/wp-content/uploads/2019/06/office-3.jpg]
[www.fitness-world.in/wp-content/uploads/2019/06/office-4.jpg]
[www.fitness-world.in/wp-content/uploads/2019/06/office-5.jpg]
[www.fitness-world.in/wp-content/uploads/2019/06/office-6.jpg]
[www.fitness-world.in/wp-content/uploads/2019/06/office-7.jpg]
[www.fitness-world.in/wp-content/uploads/2019/06/office-8.jpg]
[www.fitness-world.in/wp-content/uploads/2019/06/office-9.jpg]
[www.fitness-world.in/wp-content/uploads/2019/06/office-10.jpg]
[www.fitness-world.in/wp-content/uploads/2019/06/office-11.jpg]
[www.fitness-world.in/wp-content/uploads/2019/06/office-12.jpg]
[www.fitness-world.in/wp-content/uploads/2019/06/office-13.jpg]
[www.fitness-world.in/wp-content/uploads/2019/06/office-14.jpg]
[www.fitness-world.in/wp-content/uploads/2019/06/office-15.jpg]
[www.fitness-world.in/wp-content/uploads/2019/06/office-16.jpg]
[www.fitness-world.in/wp-content/uploads/2019/06/office-17.jpg]
[www.fitness-world.in/wp-content/uploads/2019/06/office-18.jpg]
[www.fitness-world.in/wp-content/uploads/2019/06/office-19.jpg]
[www.fitness-world.in/wp-content/uploads/2019/06/office-20.jpg]
[www.fitness-world.in/wp-content/uploads/2019/06/office-21.jpg]
[www.fitness-world.in/wp-content/uploads/2019/06/office-22.jpg]
[www.fitness-world.in/wp-content/uploads/2019/06/office-23.jpg]
[www.fitness-world.in/wp-content/uploads/2019/06/office-24.jpg]
[www.fitness-world.in/wp-content/uploads/2019/06/office-25.jpg]
[www.fitness-world.in/wp-content/uploads/2019/06/office-26.jpg]
[www.fitness-world.in/wp-content/uploads/2019/06/office-27.jpg]
[www.fitness-world.in/wp-content/plugins/album-and-image-gallery-plus-lightbox/assets/js/jquery.magnific-popup.minf24c.js]
[www.fitness-world.in/wp-content/cache/min/1/wp-content/plugins/album-and-image-gallery-plus-lightbox/assets/js/aigpl-publiceb06.js]
[www.fitness-world.in/showroom/index.html]
[www.fitness-world.in/product-category/home-equipments/treadmill-home-equipments/t.src]
[www.fitness-world.in/product-category/home-equipments/treadmill-home-equipments/feed/index.html]
[www.fitness-world.in/wp-content/uploads/2021/11/Georgia-Treadmill-300x300.jpg]
[www.fitness-world.in/product/georgia-treadmill-copy.html]
[www.fitness-world.in/product/gerorgia-treadmill.html]
[www.fitness-world.in/product/z5-treadmill.html]
[www.fitness-world.in/wp-content/uploads/2021/09/Z-TREADMILL-300x300.jpg]
[www.fitness-world.in/product/t2-treadmill.html]
[www.fitness-world.in/wp-content/uploads/2021/02/FITNESS-WORLD-T2-300x300.jpg]
[www.fitness-world.in/wp-content/uploads/2021/02/FITNESS-WORLD-T2-1-300x300.jpg]
[www.fitness-world.in/wp-content/uploads/2021/02/T3-TREADMILL-3-300x300.jpg]
[www.fitness-world.in/product/t3-treadmill.html]
[www.fitness-world.in/wp-content/uploads/2021/02/T3-TREADMILL-1-300x300.jpg]
[www.fitness-world.in/product/fw-200-treadmill.html]
[www.fitness-world.in/wp-content/uploads/2021/02/fw200-1-300x300.jpg]
[www.fitness-world.in/wp-content/uploads/2021/02/serriso-300x300.jpg]
[www.fitness-world.in/product/sorisso-treadmill.html]
[www.fitness-world.in/product/vitto-treadmill.html]
[www.fitness-world.in/wp-content/uploads/2021/02/vitto-300x300.jpg]
[www.fitness-world.in/product/primo-treadmill.html]
[www.fitness-world.in/wp-content/uploads/2021/02/primo-300x300.jpg]
[www.fitness-world.in/product/fw-2000-treadmill.html]
[www.fitness-world.in/wp-content/uploads/2020/06/Treadmill-2000-300x300.jpg]
[www.fitness-world.in/wp-content/uploads/2020/06/FW-2000-Treadmill-300x300.png]
[www.fitness-world.in/product/fw-100-treadmill.html]
[www.fitness-world.in/wp-content/uploads/2020/06/Image-600-x-600-300x300.jpg]
[www.fitness-world.in/wp-content/uploads/2020/06/FW-100-Treadmill-300x300.png]
[www.fitness-world.in/product/fitness-world-m2-motorized-treadmill.html]
[www.fitness-world.in/wp-content/uploads/2019/04/Fitness-World-M2-1-300x300.jpg]
[www.fitness-world.in/wp-content/uploads/2020/06/FW-M2-Treadmill-300x300.png]
[www.fitness-world.in/product/fitness-world-scorpio-treadmill.html]
[www.fitness-world.in/wp-content/uploads/2019/04/Scorpio-treadmill-300x300.jpg]
[www.fitness-world.in/product/fitness-world-m1-motorized-treadmill.html]
[www.fitness-world.in/wp-content/uploads/2019/04/Fitness-World-M1-Treadmill-1-300x300.jpg]
[www.fitness-world.in/product/t4-treadmill.html]
[www.fitness-world.in/wp-content/uploads/2021/02/t4-3-300x300.jpg]
[www.fitness-world.in/wp-content/uploads/2021/02/t4-2-300x300.jpg]
[www.fitness-world.in/wp-content/uploads/2019/04/FW-REX-1-300x300.jpg]
[www.fitness-world.in/product/fitness-world-rex-motorized-treadmill/index.html]
[www.fitness-world.in/product/fitness-world-bruco-motorized-treadmill.html]
[www.fitness-world.in/wp-content/uploads/2019/04/FW-Bruco-1-300x300.jpg]
[www.fitness-world.in/product-category/home-equipments/treadmill-home-equipments/index.html]
[www.fitness-world.in/product-category/home-equipments/ellipticals-home-equipments/t.src]
[www.fitness-world.in/wp-content/uploads/2019/04/FW-Bella-1-300x300.jpg]
[www.fitness-world.in/product-category/home-equipments/ellipticals-home-equipments/feed/index.html]
[www.fitness-world.in/product/fitness-world-salvino-elliptical.html]
[www.fitness-world.in/wp-content/uploads/2019/04/salvino-2-300x300.jpg]
[www.fitness-world.in/product-category/home-equipments/ellipticals-home-equipments/index.html]
[www.fitness-world.in/product/fitness-world-bella-elliptical/index.html]
[www.fitness-world.in/product-category/home-equipments/bikes-home-equipments/t.src]
[www.fitness-world.in/wp-content/uploads/2019/07/RECUMBENT-BIKE.jpg]
[www.fitness-world.in/wp-content/uploads/2019/07/SPIN-BIKE.jpg]
[www.fitness-world.in/wp-content/uploads/2019/07/UPRIGHT-BIKE.jpg]
[www.fitness-world.in/product-category/home-equipments/bikes-home-equipments/index.html]
[www.fitness-world.in/product-category/home-equipments/bikes-home-equipments/feed/index.html]
[www.fitness-world.in/product-category/home-equipments/bikes-home-equipments/recumbent-bikes-bikes-home-equipments/t.src]
[www.fitness-world.in/wp-content/uploads/2019/04/PAULA-4-300x300.jpg]
[www.fitness-world.in/product/paula-recumbent-bike.html]
[www.fitness-world.in/product-category/home-equipments/bikes-home-equipments/recumbent-bikes-bikes-home-equipments/index.html]
[www.fitness-world.in/product-category/home-equipments/bikes-home-equipments/recumbent-bikes-bikes-home-equipments/feed/index.html]
[www.fitness-world.in/product-category/home-equipments/bikes-home-equipments/spin-bikes-bikes-home-equipments/t.src]
[www.fitness-world.in/wp-content/uploads/2019/04/Spiner-BMX-Green-300x300.jpg]
[www.fitness-world.in/wp-content/uploads/2019/04/FITNESS-WORLD-SPINER-BMX-300x300.jpg]
[www.fitness-world.in/product-category/home-equipments/bikes-home-equipments/spin-bikes-bikes-home-equipments/index.html]
[www.fitness-world.in/product-category/home-equipments/bikes-home-equipments/spin-bikes-bikes-home-equipments/feed/index.html]
[www.fitness-world.in/product/spiner-bmx/index.html]
[www.fitness-world.in/product-category/home-equipments/bikes-home-equipments/upright-bikes-bikes-home-equipments/t.300.delayed]
[www.fitness-world.in/product/spiner-bmx-green/index.html]
[www.fitness-world.in/product-category/home-equipments/bikes-home-equipments/upright-bikes-bikes-home-equipments/feed/index.html]
[www.fitness-world.in/product/ella-upright-bike.html]
[www.fitness-world.in/wp-content/uploads/2019/04/Fitness-world-Ella-600x600-1-300x300.jpg]
[www.fitness-world.in/wp-content/uploads/2020/05/ELLA-UPRIGHT-BIKE-300x300.png]
[www.fitness-world.in/product/katie-upright-bike.html]
[www.fitness-world.in/wp-content/uploads/2019/04/Fitness-world-katie-300x300.jpg]
[www.fitness-world.in/wp-content/uploads/2020/05/KATIE-UPRIGHT-BIKE-300x300.png]
[www.fitness-world.in/product/maisi-upright-bike.html]
[www.fitness-world.in/wp-content/uploads/2019/04/Fitness-world-maisi-300x300.jpg]
[www.fitness-world.in/wp-content/uploads/2020/05/maisai-UPRIGHT-BIKE-300x300.png]
[www.fitness-world.in/wp-content/uploads/2019/04/FITNESS-WORLD-PLATINUM-BIKE-570x570-300x300.jpg]
[www.fitness-world.in/wp-content/uploads/2019/04/FITNESS-WORLD-FAMILY-BIKE-570x570-300x300.jpg]
[www.fitness-world.in/product-category/home-equipments/bikes-home-equipments/upright-bikes-bikes-home-equipments/index.html]
[www.fitness-world.in/product/platinum-upright-bike/index.html]
[www.fitness-world.in/product/family-upright-bike/index.html]
[www.fitness-world.in/product-category/home-equipments/multigym-home-equipments/t.30d.delayed]
[www.fitness-world.in/wp-content/uploads/2019/04/plexi-home-gym-1-300x300.jpg]
[www.fitness-world.in/wp-content/uploads/2019/04/Evo-Home-Gym-300x300.jpg]
[www.fitness-world.in/product-category/home-equipments/multigym-home-equipments/index.html]
[www.fitness-world.in/product-category/home-equipments/multigym-home-equipments/feed/index.html]
[www.fitness-world.in/product/plexi-home-gym/index.html]
[www.fitness-world.in/product/evo-home-gym/index.html]
[www.fitness-world.in/product-category/benches-home-equipments/t.311.delayed]
[www.fitness-world.in/product-category/benches-home-equipments/feed/index.html]
[www.fitness-world.in/product/foldable-home-bench.html]
[www.fitness-world.in/wp-content/uploads/2021/06/home-bench-6-300x300.jpg]
[www.fitness-world.in/wp-content/uploads/2021/06/home-bench-1-300x300.jpg]
[www.fitness-world.in/wp-content/uploads/2021/02/Multi-Purpose-Exercise-Bench-300x300.jpg]
[www.fitness-world.in/product/multi-purpose-exercise-bench.html]
[www.fitness-world.in/wp-content/uploads/2019/04/wab-board-1-300x300.jpg]
[www.fitness-world.in/wp-content/uploads/2019/04/multifunctional-olympic-bench-2-300x300.jpg]
[www.fitness-world.in/product-category/benches-home-equipments/index.html]
[www.fitness-world.in/product/fitness-world-wab-board/index.html]
[www.fitness-world.in/product/fitness-world-multi-functional-olympic-bench/index.html]
[www.fitness-world.in/product-category/home-equipments/vibrators-home-equipments/t.src]
[www.fitness-world.in/product-category/home-equipments/vibrators-home-equipments/t.src]
[www.fitness-world.in/product-category/home-equipments/vibrators-home-equipments/feed/index.html]
[www.fitness-world.in/product/power-vibrator-machine.html]
[www.fitness-world.in/wp-content/uploads/2021/02/Power-Vibrator-2-300x300.jpg]
[www.fitness-world.in/wp-content/uploads/2021/02/Power-Vibrator-1-300x300.jpg]
[www.fitness-world.in/product-category/home-equipments/vibrators-home-equipments/index.html]
[www.fitness-world.in/product-category/home-equipments/massage-chair-home-equipments/t.src]
[www.fitness-world.in/wp-content/uploads/2019/04/massage-chair-2-300x300.jpg]
[www.fitness-world.in/product-category/home-equipments/massage-chair-home-equipments/index.html]
[www.fitness-world.in/product-category/home-equipments/massage-chair-home-equipments/feed/index.html]
[www.fitness-world.in/product/zero-gravity-deluxe-massage-chair/index.html]
[www.fitness-world.in/product-category/home-equipments/core-x-trainer/t.323.delayed]
[www.fitness-world.in/product-category/home-equipments/core-x-trainer/feed/index.html]
[www.fitness-world.in/product/core-x-trainer.html]
[www.fitness-world.in/wp-content/uploads/2019/04/drop-300x300.jpg]
[www.fitness-world.in/product-category/home-equipments/core-x-trainer/index.html]
[www.fitness-world.in/product-category/fitness-accessories/t.src]
[www.fitness-world.in/product-category/fitness-accessories/feed/index.html]
[www.fitness-world.in/product/premium-olympic-commercial-bumper-disc.html]
[www.fitness-world.in/wp-content/uploads/2019/04/01-PREMIUM-OLYMPIC-COMMERCIAL-BUMPER-DISC-300x300.jpg]
[www.fitness-world.in/wp-content/uploads/2019/04/Latex-Tube-With-60-Cm-Tube-300x300.png]
[www.fitness-world.in/wp-content/uploads/2019/04/FITNESS-WORLD-AEROBIC-STEP-THE-HEIGHT-ADJUSTABLE-STEP-SYSTEM-570x570-1-300x300.jpg]
[www.fitness-world.in/product/latex-tube-with-60-cm-tube/index.html]
[www.fitness-world.in/product/s-push-up-bar.html]
[www.fitness-world.in/wp-content/uploads/2019/04/FITNESS-WORLD-S-PUSH-UP-BAR-300x300.jpg]
[www.fitness-world.in/product/aerobic-step-the-height-adjustable-step-system/index.html]
[www.fitness-world.in/product/dual-color-push-up-bar.html]
[www.fitness-world.in/wp-content/uploads/2019/04/FITNESS-WORLD-DUAL-COLOR-PUSH-UP-BAR-570x570-3-300x300.jpg]
[www.fitness-world.in/wp-content/uploads/2019/04/FITNESS-WORLD-FOAM-HAND-GRIP-570x5701-1-300x300.jpg]
[www.fitness-world.in/product/foam-hand-grip.html]
[www.fitness-world.in/wp-content/uploads/2019/04/FITNESS-WORLD-ADJUSTABLE-HAND-GRIP-570x570-1-300x300.jpg]
[www.fitness-world.in/product/adjustable-hand-grip.html]
[www.fitness-world.in/product/adjustable-hand-gripheavy.html]
[www.fitness-world.in/wp-content/uploads/2019/04/FITNESS-WORLD-ADJUSTABLE-HAND-GRIP-HEAVY-570x570-3-300x300.jpg]
[www.fitness-world.in/wp-content/uploads/2019/04/FITNESS-WORLD-PVC-JUMP-ROPE-262x262-300x300.jpg]
[www.fitness-world.in/product/weighted-leather-jump-rope.html]
[www.fitness-world.in/product/pvc-jump-rope/index.html]
[www.fitness-world.in/wp-content/uploads/2019/04/FITNESS-WORLD-WEIGHTED-LEATHER-JUMP-ROPE-570x570-1-300x300.jpg]
[www.fitness-world.in/product/double-power-wheel-exerciser.html]
[www.fitness-world.in/wp-content/uploads/2019/04/FITNESS-WORLD-DOUBLE-POWER-WHEEL-EXERCISER-570x570-3-300x300.jpg]
[www.fitness-world.in/wp-content/uploads/2019/04/FITNESS-WORLD-EXERCISE-MAT-300x300.jpg]
[www.fitness-world.in/product/training-gloves-color-black.html]
[www.fitness-world.in/wp-content/uploads/2019/04/Gloves-black-2-300x300.jpg]
[www.fitness-world.in/product/exercise-mat/index.html]
[www.fitness-world.in/product/training-gloves-neoprene.html]
[www.fitness-world.in/wp-content/uploads/2019/04/gloves-neoprene-1-300x300.jpg]
[www.fitness-world.in/product/weighted-gloves.html]
[www.fitness-world.in/wp-content/uploads/2019/04/FITNESS-WORLD-WEIGHTED-GLOVES-1022x1024-300x301.jpg]
[www.fitness-world.in/product/dual-action-door-gym-bar.html]
[www.fitness-world.in/wp-content/uploads/2019/04/FITNESS-WORLD-DUAL-ACTION-DOOR-GYMBAR-570x570-1-300x300.jpg]
[www.fitness-world.in/wp-content/uploads/2019/04/FITNESS-WORLD-OLYMPIC-TRAINING-BAR-570x570-1-300x300.jpg]
[www.fitness-world.in/product/gym-ball-in-cm.html]
[www.fitness-world.in/product/olympic-training-bar/index.html]
[www.fitness-world.in/wp-content/uploads/2019/04/02-GYM-BALL-IN-CM-300x300.jpg]
[www.fitness-world.in/wp-content/uploads/2019/04/FITNESS-WORLD-MAGNETIC-WAIST-BELT-570x570-1-300x300.jpg]
[www.fitness-world.in/wp-content/uploads/2019/04/FITNESS-WORLD-ACUPUNCTURE-FIGURE-TWISTER-570x570-1-300x300.jpg]
[www.fitness-world.in/wp-content/uploads/2019/04/FITNESS-WORLD-ROLL-DISCO-TWISTER-570x570-300x300.jpg]
[www.fitness-world.in/wp-content/uploads/2019/04/FITNESS-WORLD-BALANCE-CUSHION-300x300.jpg]
[www.fitness-world.in/wp-content/uploads/2019/04/FITNESS-WORLD-WRIST_ANKLE-WEIGHT-IRON-BIT-300x300.jpg]
[www.fitness-world.in/wp-content/uploads/2019/04/FITNESS-WORLD-RUBBER-COLOUR-PLATE-30MM-IN-KG-570x570-1-300x300.jpg]
[www.fitness-world.in/wp-content/uploads/2019/04/FITNESS-WORLD-RUBBER-COLOUR-PLATE-50MM-IN-KG-1022x1024-300x301.jpg]
[www.fitness-world.in/product/magnetic-waist-belt/index.html]
[www.fitness-world.in/product/acupressure-figure-twister/index.html]
[www.fitness-world.in/product/vinyl-coated-dumbbells-coloured-price-per-kg.html]
[www.fitness-world.in/product/roll-disco-twister/index.html]
[www.fitness-world.in/wp-content/uploads/2019/04/vinyl-dumbbells-1-300x300.jpg]
[www.fitness-world.in/product/balance-cushion/index.html]
[www.fitness-world.in/product/rubber-color-plate-30mm-in-kg/index.html]
[www.fitness-world.in/product/wrist-ankle-weight-iron-bit/index.html]
[www.fitness-world.in/product/rubber-color-plate-price-per-kg/index.html]
[www.fitness-world.in/product/hex-dumbbells.html]
[www.fitness-world.in/wp-content/uploads/2019/04/05-HEX-DUMBBELLS-300x300.jpg]
[www.fitness-world.in/wp-content/uploads/2019/04/FITNESS-WORLD-KETTLE-BELL-IN-KG-570x570-1-300x300.jpg]
[www.fitness-world.in/wp-content/uploads/2019/04/FITNESS-WORLD-10-KG-DUMBBELL-SET-WITH-PLASTIC-CASE-570x570-1-300x300.jpg]
[www.fitness-world.in/wp-content/uploads/2019/04/FITNESS-WORLD-KICKING-BOXING-TRAINER-300x300.jpg]
[www.fitness-world.in/wp-content/uploads/2019/04/FITNESS-WORLD-HEAVY-BOXING-TRAINER-WITH-PROJECTION-COVER-570x570-1-300x300.jpg]
[www.fitness-world.in/product/kettlebell-in-kg/index.html]
[www.fitness-world.in/product/10kg-dumbbell-set-with-plastic-case/index.html]
[www.fitness-world.in/product/kickboxing-trainer/index.html]
[www.fitness-world.in/product-category/fitness-accessories/index.html]
[www.fitness-world.in/product/hex-dumbbells-2.html]
[www.fitness-world.in/product/heavy-boxing-trainer-with-projection-cover/index.html]
[www.fitness-world.in/product-category/body-solid/t.src]
[www.fitness-world.in/wp-content/uploads/2019/07/Pro-Dual-Series.jpg]
[www.fitness-world.in/wp-content/uploads/2019/07/S2ABB-Main.jpg]
[www.fitness-world.in/wp-content/uploads/2019/07/proclub-line.jpg]
[www.fitness-world.in/wp-content/uploads/2019/07/Free-Weight-Benches-1.jpg]
[www.fitness-world.in/wp-content/uploads/2019/07/Cable-Machines-1.jpg]
[www.fitness-world.in/wp-content/uploads/2019/07/Cam-Series-1.jpg]
[www.fitness-world.in/wp-content/uploads/2019/07/Gym-Stations-1.jpg]
[www.fitness-world.in/product-category/body-solid/feed/index.html]
[www.fitness-world.in/wp-content/uploads/2019/07/Storage-Accessories.jpg]
[www.fitness-world.in/product-category/body-solid/index.html]
[www.fitness-world.in/product-category/body-solid/pro-dual-series-body-solid/t.src]
[www.fitness-world.in/wp-content/uploads/2019/04/Bodysolid-DCLP-300x300.jpg]
[www.fitness-world.in/wp-content/uploads/2019/04/DCLP-SF_EX_CalveExt-300x300.jpg]
[www.fitness-world.in/product-category/body-solid/pro-dual-series-body-solid/feed/index.html]
[www.fitness-world.in/product/dclp-sf-pro-dual-leg-press-calf-extension/index.html]
[www.fitness-world.in/product/dabb-sf-pro-dual-ab-crunch-back-extension/index.html]
[www.fitness-world.in/wp-content/uploads/2019/04/Bodysolid-DABB-300x300.jpg]
[www.fitness-world.in/wp-content/uploads/2019/04/DABB-SF_HERO02-300x300.jpg]
[www.fitness-world.in/wp-content/uploads/2019/04/DPCC-SF-PRO-DUAL-ADJUSTABLE-CABLE-COLUMN-570x570-1-2-300x300.jpg]
[www.fitness-world.in/wp-content/uploads/2019/04/DPCC-S_Ex_Fly-300x300.jpg]
[www.fitness-world.in/wp-content/uploads/2019/04/Bodysolid-DPLS-300x300.jpg]
[www.fitness-world.in/wp-content/uploads/2019/04/DPLS-–-SF-–-PRO-–-DUAL-VERTICAL-PRESS-AND-LAT-300x300.jpg]
[www.fitness-world.in/wp-content/uploads/2019/04/Bodysolid-DGYM-300x300.jpg]
[www.fitness-world.in/wp-content/uploads/2019/04/DGYM-–-S-–-4-STACK-BASE-WITH-WEIGHT-STACKS-6-300x300.jpg]
[www.fitness-world.in/product/dpcc-sf-pro-dual-adjustable-cable-column/index.html]
[www.fitness-world.in/wp-content/uploads/2019/04/Bodysolid-DPRS-300x300.jpg]
[www.fitness-world.in/wp-content/uploads/2019/04/DPRS_SF_NM-modified--300x300.jpg]
[www.fitness-world.in/product/dgym-s-4-stack-base-with-weight-stacks/index.html]
[www.fitness-world.in/product/dpls-sf-pro-dual-vertical-press-and-lat/index.html]
[www.fitness-world.in/product/dprs-sf-pro-dual-multi-press/index.html]
[www.fitness-world.in/wp-content/uploads/2019/04/DPEC-SF-PRO-DUAL-PEC-DEC-REAR-DELT-570x570-300x300.jpg]
[www.fitness-world.in/wp-content/uploads/2019/04/DPEC-SF_Ex_RevFly-300x300.jpg]
[www.fitness-world.in/wp-content/uploads/2019/04/DLEC-SF-PRO-DUAL-LEG-EXTENSION-LEG-CURL-570x570-1-300x300.jpg]
[www.fitness-world.in/product/dpec-sf-pro-dual-pec-dec-rear-delt/index.html]
[www.fitness-world.in/wp-content/uploads/2019/04/DLEC-SF_Ex_LegCurl-300x300.jpg]
[www.fitness-world.in/wp-content/uploads/2019/04/DIOT-SF-PRO-DUAL-INNER-THIGH-OUTER-THIGH-710x710-300x300.jpg]
[www.fitness-world.in/wp-content/uploads/2019/04/DIOT-SF_HERO02-300x300.jpg]
[www.fitness-world.in/wp-content/uploads/2019/04/Bodysolid-DBTC-300x300.jpg]
[www.fitness-world.in/product/dlec-sf-pro-dual-leg-extension-leg-curl/index.html]
[www.fitness-world.in/wp-content/uploads/2019/04/DBTC-SF_EXER_02_M_1500-modified--300x300.jpg]
[www.fitness-world.in/wp-content/uploads/2019/04/DLAT-SF-PRO-DUAL-LAT-PULLDOWN-MID-ROW-580x580-300x300.jpg]
[www.fitness-world.in/wp-content/uploads/2019/04/DLAT-SF_EX_SeatRow-300x300.jpg]
[www.fitness-world.in/product-category/body-solid/pro-dual-series-body-solid/index.html]
[www.fitness-world.in/product/dbtc-sf-pro-dual-bicep-curl-tricep-extension/index.html]
[www.fitness-world.in/product/diot-sf-pro-dual-inner-thigh-outer-thigh/index.html]
[www.fitness-world.in/product/dlat-sf-pro-dual-lat-pulldown-mid-row/index.html]
[www.fitness-world.in/product-category/body-solid/s2-series-body-solid/t.src]
[www.fitness-world.in/wp-content/uploads/2019/04/S2ABB-Main-600x600-300x300.jpg]
[www.fitness-world.in/wp-content/uploads/2019/04/AB-AND-BACK-MACHINE-S2ABB-300x300.jpg]
[www.fitness-world.in/wp-content/uploads/2019/04/S2AC-2-300x300.jpg]
[www.fitness-world.in/wp-content/uploads/2019/04/S2AC-ARM-CURL-MACHINE-S2AC_EX_M-300x300.jpg]
[www.fitness-world.in/wp-content/uploads/2019/04/S2BTP1-3-300x300.jpg]
[www.fitness-world.in/product-category/body-solid/s2-series-body-solid/feed/index.html]
[www.fitness-world.in/wp-content/uploads/2019/04/S2BTP-BICEP-TRICEP-2-300x300.jpg]
[www.fitness-world.in/product/s2iot-series-ii-inner-outer-thigh-2.html]
[www.fitness-world.in/product/series-ii-ab-and-back-machine/index.html]
[www.fitness-world.in/product/s2ac-series-ii-arm-curl-machine/index.html]
[www.fitness-world.in/wp-content/uploads/2019/04/S2IOT-main-570x570-3-300x300.jpg]
[www.fitness-world.in/product/s2btp-series-ii-bicep-tricep/index.html]
[www.fitness-world.in/wp-content/uploads/2019/04/S2IOT-INNER-OUTER-THIGH-2-300x300.jpg]
[www.fitness-world.in/product/s2lat-series-ii-lat-pulldown-seated-row-2.html]
[www.fitness-world.in/wp-content/uploads/2019/04/S2-LAT-1-300x300.jpg]
[www.fitness-world.in/wp-content/uploads/2019/04/S2LAT-LAT-PULLDOWN-SEATED-ROW-2-300x300.jpg]
[www.fitness-world.in/wp-content/uploads/2019/04/S2LPC-1-300x300.jpg]
[www.fitness-world.in/wp-content/uploads/2019/04/S2LPC-LEG-PRESS-CALF-RAISE-2-300x300.jpg]
[www.fitness-world.in/product/s2lpc-series-ii-leg-press-calf-raise/index.html]
[www.fitness-world.in/wp-content/uploads/2019/04/S2PEC-pec-fly-1-600x600-300x300.jpg]
[www.fitness-world.in/wp-content/uploads/2019/04/S2PEC-PEC-FLY-REAR-DELT-600x600-300x300.jpg]
[www.fitness-world.in/product/s2pec-series-ii-pec-fly-rear-delt/index.html]
[www.fitness-world.in/wp-content/uploads/2019/04/S2CP-CHEST-PRESS-1-300x300.jpg]
[www.fitness-world.in/wp-content/uploads/2019/04/S2CP-CHEST-PRESS-300x300.jpg]
[www.fitness-world.in/product/s2cp-series-ii-chest-press/index.html]
[www.fitness-world.in/wp-content/uploads/2019/04/S2-LEX-1-300x300.jpg]
[www.fitness-world.in/wp-content/uploads/2019/04/S2LEX-LEG-EXTENSION-300x300.jpg]
[www.fitness-world.in/wp-content/uploads/2019/04/S2MP-bench-press-2-600x600-300x300.jpg]
